Archive member included to satisfy reference by file (symbol)

/home/nano/gcc-arm/bin/../lib/gcc/arm-none-eabi/10.3.1/thumb/v6-m/nofp/libgcc.a(_thumb1_case_sqi.o)
                              build/pawpet_m0/msc.o (__gnu_thumb1_case_sqi)
/home/nano/gcc-arm/bin/../lib/gcc/arm-none-eabi/10.3.1/thumb/v6-m/nofp/libgcc.a(_thumb1_case_uqi.o)
                              build/pawpet_m0/hid.o (__gnu_thumb1_case_uqi)
/home/nano/gcc-arm/bin/../lib/gcc/arm-none-eabi/10.3.1/../../../../arm-none-eabi/lib/thumb/v6-m/nofp/libg_nano.a(lib_a-memcpy-stub.o)
                              build/pawpet_m0/startup_samd21.o (memcpy)
/home/nano/gcc-arm/bin/../lib/gcc/arm-none-eabi/10.3.1/../../../../arm-none-eabi/lib/thumb/v6-m/nofp/libg_nano.a(lib_a-memset.o)
                              build/pawpet_m0/startup_samd21.o (memset)
/home/nano/gcc-arm/bin/../lib/gcc/arm-none-eabi/10.3.1/../../../../arm-none-eabi/lib/thumb/v6-m/nofp/libg_nano.a(lib_a-strlen.o)
                              build/pawpet_m0/cdc_enumerate.o (strlen)

Discarded input sections

 .text          0x0000000000000000        0x0 build/pawpet_m0/flash_samd21.o
 .data          0x0000000000000000        0x0 build/pawpet_m0/flash_samd21.o
 .bss           0x0000000000000000        0x0 build/pawpet_m0/flash_samd21.o
 .text.flash_write
                0x0000000000000000       0x9c build/pawpet_m0/flash_samd21.o
 .text          0x0000000000000000        0x0 build/pawpet_m0/init_samd21.o
 .data          0x0000000000000000        0x0 build/pawpet_m0/init_samd21.o
 .bss           0x0000000000000000        0x0 build/pawpet_m0/init_samd21.o
 .data.g_interrupt_enabled
                0x0000000000000000        0x1 build/pawpet_m0/init_samd21.o
 .text          0x0000000000000000        0x0 build/pawpet_m0/startup_samd21.o
 .data          0x0000000000000000        0x0 build/pawpet_m0/startup_samd21.o
 .bss           0x0000000000000000        0x0 build/pawpet_m0/startup_samd21.o
 .text          0x0000000000000000        0x0 build/pawpet_m0/usart_sam_ba.o
 .data          0x0000000000000000        0x0 build/pawpet_m0/usart_sam_ba.o
 .bss           0x0000000000000000        0x0 build/pawpet_m0/usart_sam_ba.o
 .text.usart_open
                0x0000000000000000       0xbc build/pawpet_m0/usart_sam_ba.o
 .text.usart_close
                0x0000000000000000       0x10 build/pawpet_m0/usart_sam_ba.o
 .text.usart_putc
                0x0000000000000000       0x14 build/pawpet_m0/usart_sam_ba.o
 .text.usart_getc
                0x0000000000000000       0x10 build/pawpet_m0/usart_sam_ba.o
 .text.usart_is_rx_ready
                0x0000000000000000       0x10 build/pawpet_m0/usart_sam_ba.o
 .text.usart_sharp_received
                0x0000000000000000       0x1a build/pawpet_m0/usart_sam_ba.o
 .text.usart_readc
                0x0000000000000000       0x20 build/pawpet_m0/usart_sam_ba.o
 .text.usart_putdata
                0x0000000000000000       0x1a build/pawpet_m0/usart_sam_ba.o
 .text.usart_getdata
                0x0000000000000000        0xe build/pawpet_m0/usart_sam_ba.o
 .text.getbytes
                0x0000000000000000       0x60 build/pawpet_m0/usart_sam_ba.o
 .text.getPacket
                0x0000000000000000       0x70 build/pawpet_m0/usart_sam_ba.o
 .text.usart_putdata_xmd
                0x0000000000000000      0x10c build/pawpet_m0/usart_sam_ba.o
 .text.usart_getdata_xmd
                0x0000000000000000       0xb8 build/pawpet_m0/usart_sam_ba.o
 .bss.b_sharp_received
                0x0000000000000000        0x1 build/pawpet_m0/usart_sam_ba.o
 .bss.buffer_rx_usart
                0x0000000000000000       0x80 build/pawpet_m0/usart_sam_ba.o
 .bss.buffer_tx_usart
                0x0000000000000000       0x80 build/pawpet_m0/usart_sam_ba.o
 .bss.error_timeout
                0x0000000000000000        0x1 build/pawpet_m0/usart_sam_ba.o
 .bss.idx_rx_read
                0x0000000000000000        0x1 build/pawpet_m0/usart_sam_ba.o
 .bss.idx_rx_write
                0x0000000000000000        0x1 build/pawpet_m0/usart_sam_ba.o
 .bss.idx_tx_read
                0x0000000000000000        0x1 build/pawpet_m0/usart_sam_ba.o
 .bss.idx_tx_write
                0x0000000000000000        0x1 build/pawpet_m0/usart_sam_ba.o
 .bss.mode_of_transfer
                0x0000000000000000        0x1 build/pawpet_m0/usart_sam_ba.o
 .bss.size_of_data
                0x0000000000000000        0x2 build/pawpet_m0/usart_sam_ba.o
 .text          0x0000000000000000        0x0 build/pawpet_m0/screen.o
 .data          0x0000000000000000        0x0 build/pawpet_m0/screen.o
 .bss           0x0000000000000000        0x0 build/pawpet_m0/screen.o
 .debug_info    0x0000000000000000       0x72 build/pawpet_m0/screen.o
 .debug_abbrev  0x0000000000000000       0x26 build/pawpet_m0/screen.o
 .debug_aranges
                0x0000000000000000       0x18 build/pawpet_m0/screen.o
 .debug_line    0x0000000000000000       0x1d build/pawpet_m0/screen.o
 .debug_str     0x0000000000000000      0x180 build/pawpet_m0/screen.o
 .comment       0x0000000000000000       0x4a build/pawpet_m0/screen.o
 .ARM.attributes
                0x0000000000000000       0x2c build/pawpet_m0/screen.o
 .text          0x0000000000000000        0x0 build/pawpet_m0/images.o
 .data          0x0000000000000000        0x0 build/pawpet_m0/images.o
 .bss           0x0000000000000000        0x0 build/pawpet_m0/images.o
 .rodata.arrowLogo
                0x0000000000000000       0x39 build/pawpet_m0/images.o
 .rodata.fileLogo
                0x0000000000000000       0x4a build/pawpet_m0/images.o
 .rodata.font8  0x0000000000000000      0x240 build/pawpet_m0/images.o
 .rodata.pendriveLogo
                0x0000000000000000       0x3e build/pawpet_m0/images.o
 .debug_info    0x0000000000000000      0x11e build/pawpet_m0/images.o
 .debug_abbrev  0x0000000000000000       0x6a build/pawpet_m0/images.o
 .debug_aranges
                0x0000000000000000       0x18 build/pawpet_m0/images.o
 .debug_line    0x0000000000000000       0xac build/pawpet_m0/images.o
 .debug_str     0x0000000000000000      0x1ad build/pawpet_m0/images.o
 .comment       0x0000000000000000       0x4a build/pawpet_m0/images.o
 .ARM.attributes
                0x0000000000000000       0x2c build/pawpet_m0/images.o
 .text          0x0000000000000000        0x0 build/pawpet_m0/utils.o
 .data          0x0000000000000000        0x0 build/pawpet_m0/utils.o
 .bss           0x0000000000000000        0x0 build/pawpet_m0/utils.o
 .text.panic    0x0000000000000000        0x2 build/pawpet_m0/utils.o
 .text          0x0000000000000000        0x0 build/pawpet_m0/cdc_enumerate.o
 .data          0x0000000000000000        0x0 build/pawpet_m0/cdc_enumerate.o
 .bss           0x0000000000000000        0x0 build/pawpet_m0/cdc_enumerate.o
 .text.reset_ep
                0x0000000000000000       0x24 build/pawpet_m0/cdc_enumerate.o
 .text.stall_ep
                0x0000000000000000       0x20 build/pawpet_m0/cdc_enumerate.o
 .text.cdc_is_rx_ready
                0x0000000000000000       0x20 build/pawpet_m0/cdc_enumerate.o
 .text          0x0000000000000000        0x0 build/pawpet_m0/fat.o
 .data          0x0000000000000000        0x0 build/pawpet_m0/fat.o
 .bss           0x0000000000000000        0x0 build/pawpet_m0/fat.o
 .text          0x0000000000000000        0x0 build/pawpet_m0/main.o
 .data          0x0000000000000000        0x0 build/pawpet_m0/main.o
 .bss           0x0000000000000000        0x0 build/pawpet_m0/main.o
 .text          0x0000000000000000        0x0 build/pawpet_m0/msc.o
 .data          0x0000000000000000        0x0 build/pawpet_m0/msc.o
 .bss           0x0000000000000000        0x0 build/pawpet_m0/msc.o
 .text.msc_reset
                0x0000000000000000       0x1c build/pawpet_m0/msc.o
 .text.udd_ep_set_halt
                0x0000000000000000       0x10 build/pawpet_m0/msc.o
 .bss.mscReset  0x0000000000000000        0x1 build/pawpet_m0/msc.o
 .text          0x0000000000000000        0x0 build/pawpet_m0/sam_ba_monitor.o
 .data          0x0000000000000000        0x0 build/pawpet_m0/sam_ba_monitor.o
 .bss           0x0000000000000000        0x0 build/pawpet_m0/sam_ba_monitor.o
 .text.sam_ba_monitor_init
                0x0000000000000000        0x2 build/pawpet_m0/sam_ba_monitor.o
 .text.sam_ba_putdata_term
                0x0000000000000000        0x8 build/pawpet_m0/sam_ba_monitor.o
 .text          0x0000000000000000        0x0 build/pawpet_m0/uart_driver.o
 .data          0x0000000000000000        0x0 build/pawpet_m0/uart_driver.o
 .bss           0x0000000000000000        0x0 build/pawpet_m0/uart_driver.o
 .text.uart_get_sercom_index
                0x0000000000000000       0x30 build/pawpet_m0/uart_driver.o
 .text.uart_basic_init
                0x0000000000000000       0x5c build/pawpet_m0/uart_driver.o
 .text.uart_disable
                0x0000000000000000       0x10 build/pawpet_m0/uart_driver.o
 .text.uart_write_byte
                0x0000000000000000        0xc build/pawpet_m0/uart_driver.o
 .text.uart_read_byte
                0x0000000000000000       0x28 build/pawpet_m0/uart_driver.o
 .text.uart_write_buffer_polled
                0x0000000000000000       0x20 build/pawpet_m0/uart_driver.o
 .text.uart_read_buffer_polled
                0x0000000000000000       0x3c build/pawpet_m0/uart_driver.o
 .rodata        0x0000000000000000       0x18 build/pawpet_m0/uart_driver.o
 .bss.uart_drv_error_flag
                0x0000000000000000        0x1 build/pawpet_m0/uart_driver.o
 .debug_info    0x0000000000000000     0x206f build/pawpet_m0/uart_driver.o
 .debug_abbrev  0x0000000000000000      0x209 build/pawpet_m0/uart_driver.o
 .debug_loc     0x0000000000000000      0x1a1 build/pawpet_m0/uart_driver.o
 .debug_aranges
                0x0000000000000000       0x50 build/pawpet_m0/uart_driver.o
 .debug_ranges  0x0000000000000000       0x40 build/pawpet_m0/uart_driver.o
 .debug_line    0x0000000000000000      0x46a build/pawpet_m0/uart_driver.o
 .debug_str     0x0000000000000000      0x9ea build/pawpet_m0/uart_driver.o
 .comment       0x0000000000000000       0x4a build/pawpet_m0/uart_driver.o
 .debug_frame   0x0000000000000000       0xac build/pawpet_m0/uart_driver.o
 .ARM.attributes
                0x0000000000000000       0x2c build/pawpet_m0/uart_driver.o
 .text          0x0000000000000000        0x0 build/pawpet_m0/hid.o
 .data          0x0000000000000000        0x0 build/pawpet_m0/hid.o
 .bss           0x0000000000000000        0x0 build/pawpet_m0/hid.o
 .data          0x0000000000000000        0x0 /home/nano/gcc-arm/bin/../lib/gcc/arm-none-eabi/10.3.1/thumb/v6-m/nofp/libgcc.a(_thumb1_case_sqi.o)
 .bss           0x0000000000000000        0x0 /home/nano/gcc-arm/bin/../lib/gcc/arm-none-eabi/10.3.1/thumb/v6-m/nofp/libgcc.a(_thumb1_case_sqi.o)
 .data          0x0000000000000000        0x0 /home/nano/gcc-arm/bin/../lib/gcc/arm-none-eabi/10.3.1/thumb/v6-m/nofp/libgcc.a(_thumb1_case_uqi.o)
 .bss           0x0000000000000000        0x0 /home/nano/gcc-arm/bin/../lib/gcc/arm-none-eabi/10.3.1/thumb/v6-m/nofp/libgcc.a(_thumb1_case_uqi.o)
 .text          0x0000000000000000        0x0 /home/nano/gcc-arm/bin/../lib/gcc/arm-none-eabi/10.3.1/../../../../arm-none-eabi/lib/thumb/v6-m/nofp/libg_nano.a(lib_a-memcpy-stub.o)
 .data          0x0000000000000000        0x0 /home/nano/gcc-arm/bin/../lib/gcc/arm-none-eabi/10.3.1/../../../../arm-none-eabi/lib/thumb/v6-m/nofp/libg_nano.a(lib_a-memcpy-stub.o)
 .bss           0x0000000000000000        0x0 /home/nano/gcc-arm/bin/../lib/gcc/arm-none-eabi/10.3.1/../../../../arm-none-eabi/lib/thumb/v6-m/nofp/libg_nano.a(lib_a-memcpy-stub.o)
 .text          0x0000000000000000        0x0 /home/nano/gcc-arm/bin/../lib/gcc/arm-none-eabi/10.3.1/../../../../arm-none-eabi/lib/thumb/v6-m/nofp/libg_nano.a(lib_a-memset.o)
 .data          0x0000000000000000        0x0 /home/nano/gcc-arm/bin/../lib/gcc/arm-none-eabi/10.3.1/../../../../arm-none-eabi/lib/thumb/v6-m/nofp/libg_nano.a(lib_a-memset.o)
 .bss           0x0000000000000000        0x0 /home/nano/gcc-arm/bin/../lib/gcc/arm-none-eabi/10.3.1/../../../../arm-none-eabi/lib/thumb/v6-m/nofp/libg_nano.a(lib_a-memset.o)
 .data          0x0000000000000000        0x0 /home/nano/gcc-arm/bin/../lib/gcc/arm-none-eabi/10.3.1/../../../../arm-none-eabi/lib/thumb/v6-m/nofp/libg_nano.a(lib_a-strlen.o)
 .bss           0x0000000000000000        0x0 /home/nano/gcc-arm/bin/../lib/gcc/arm-none-eabi/10.3.1/../../../../arm-none-eabi/lib/thumb/v6-m/nofp/libg_nano.a(lib_a-strlen.o)

Memory Configuration

Name             Origin             Length             Attributes
rom              0x0000000000000000 0x0000000000002000 xr
ram              0x0000000020000000 0x0000000000008000 xrw
*default*        0x0000000000000000 0xffffffffffffffff

Linker script and memory map

LOAD build/pawpet_m0/flash_samd21.o
LOAD build/pawpet_m0/init_samd21.o
LOAD build/pawpet_m0/startup_samd21.o
LOAD build/pawpet_m0/usart_sam_ba.o
LOAD build/pawpet_m0/screen.o
LOAD build/pawpet_m0/images.o
LOAD build/pawpet_m0/utils.o
LOAD build/pawpet_m0/cdc_enumerate.o
LOAD build/pawpet_m0/fat.o
LOAD build/pawpet_m0/main.o
LOAD build/pawpet_m0/msc.o
LOAD build/pawpet_m0/sam_ba_monitor.o
LOAD build/pawpet_m0/uart_driver.o
LOAD build/pawpet_m0/hid.o
START GROUP
LOAD /home/nano/gcc-arm/bin/../lib/gcc/arm-none-eabi/10.3.1/thumb/v6-m/nofp/libgcc.a
LOAD /home/nano/gcc-arm/bin/../lib/gcc/arm-none-eabi/10.3.1/../../../../arm-none-eabi/lib/thumb/v6-m/nofp/libg_nano.a
LOAD /home/nano/gcc-arm/bin/../lib/gcc/arm-none-eabi/10.3.1/../../../../arm-none-eabi/lib/thumb/v6-m/nofp/libc_nano.a
END GROUP
START GROUP
LOAD /home/nano/gcc-arm/bin/../lib/gcc/arm-none-eabi/10.3.1/thumb/v6-m/nofp/libgcc.a
LOAD /home/nano/gcc-arm/bin/../lib/gcc/arm-none-eabi/10.3.1/../../../../arm-none-eabi/lib/thumb/v6-m/nofp/libc_nano.a
LOAD /home/nano/gcc-arm/bin/../lib/gcc/arm-none-eabi/10.3.1/../../../../arm-none-eabi/lib/thumb/v6-m/nofp/libnosys.a
END GROUP
START GROUP
LOAD /home/nano/gcc-arm/bin/../lib/gcc/arm-none-eabi/10.3.1/thumb/v6-m/nofp/libgcc.a
LOAD /home/nano/gcc-arm/bin/../lib/gcc/arm-none-eabi/10.3.1/../../../../arm-none-eabi/lib/thumb/v6-m/nofp/libc_nano.a
LOAD /home/nano/gcc-arm/bin/../lib/gcc/arm-none-eabi/10.3.1/../../../../arm-none-eabi/lib/thumb/v6-m/nofp/libnosys.a
END GROUP
                0x0000000000002000                STACK_SIZE = DEFINED (STACK_SIZE)?STACK_SIZE:DEFINED (__stack_size__)?__stack_size__:0x2000

.text           0x0000000000000000     0x1cd4
                0x0000000000000000                . = ALIGN (0x4)
                0x0000000000000000                _sfixed = .
 *(.vectors .vectors.*)
 .vectors       0x0000000000000000       0xb4 build/pawpet_m0/startup_samd21.o
                0x0000000000000000                exception_table
 *(.text .text.* .gnu.linkonce.t.*)
 .text.flash_erase_row
                0x00000000000000b4       0x28 build/pawpet_m0/flash_samd21.o
                0x00000000000000b4                flash_erase_row
 .text.flash_erase_to_end
                0x00000000000000dc       0x1a build/pawpet_m0/flash_samd21.o
                0x00000000000000dc                flash_erase_to_end
 .text.copy_words
                0x00000000000000f6       0x14 build/pawpet_m0/flash_samd21.o
                0x00000000000000f6                copy_words
 *fill*         0x000000000000010a        0x2 
 .text.flash_write_words
                0x000000000000010c       0x54 build/pawpet_m0/flash_samd21.o
                0x000000000000010c                flash_write_words
 .text.flash_write_row
                0x0000000000000160       0x2e build/pawpet_m0/flash_samd21.o
                0x0000000000000160                flash_write_row
 *fill*         0x000000000000018e        0x2 
 .text.gclk_sync
                0x0000000000000190       0x10 build/pawpet_m0/init_samd21.o
 .text.dfll_sync
                0x00000000000001a0       0x10 build/pawpet_m0/init_samd21.o
 .text.system_init
                0x00000000000001b0       0xdc build/pawpet_m0/init_samd21.o
                0x00000000000001b0                system_init
 .text.SysTick_Handler
                0x000000000000028c        0x8 build/pawpet_m0/init_samd21.o
                0x000000000000028c                SysTick_Handler
 .text.Dummy_Handler
                0x0000000000000294        0x2 build/pawpet_m0/startup_samd21.o
                0x0000000000000294                DMAC_Handler
                0x0000000000000294                AC_Handler
                0x0000000000000294                PendSV_Handler
                0x0000000000000294                NMI_Handler
                0x0000000000000294                SERCOM1_Handler
                0x0000000000000294                ADC_Handler
                0x0000000000000294                TCC1_Handler
                0x0000000000000294                SERCOM2_Handler
                0x0000000000000294                TCC0_Handler
                0x0000000000000294                RTC_Handler
                0x0000000000000294                EIC_Handler
                0x0000000000000294                WDT_Handler
                0x0000000000000294                TC4_Handler
                0x0000000000000294                USB_Handler
                0x0000000000000294                TC3_Handler
                0x0000000000000294                Dummy_Handler
                0x0000000000000294                PM_Handler
                0x0000000000000294                SERCOM5_Handler
                0x0000000000000294                SVC_Handler
                0x0000000000000294                TCC2_Handler
                0x0000000000000294                EVSYS_Handler
                0x0000000000000294                SERCOM3_Handler
                0x0000000000000294                SERCOM4_Handler
                0x0000000000000294                I2S_Handler
                0x0000000000000294                NVMCTRL_Handler
                0x0000000000000294                SERCOM0_Handler
                0x0000000000000294                DAC_Handler
                0x0000000000000294                PTC_Handler
                0x0000000000000294                TC5_Handler
                0x0000000000000294                SYSCTRL_Handler
 .text.HardFault_Handler
                0x0000000000000296        0x2 build/pawpet_m0/startup_samd21.o
                0x0000000000000296                HardFault_Handler
 .text.Reset_Handler
                0x0000000000000298       0xc0 build/pawpet_m0/startup_samd21.o
                0x0000000000000298                Reset_Handler
 .text.add_crc  0x0000000000000358       0x58 build/pawpet_m0/usart_sam_ba.o
                0x0000000000000358                add_crc
 .text.delay    0x00000000000003b0       0x28 build/pawpet_m0/utils.o
                0x00000000000003b0                delay
 .text.writeNum
                0x00000000000003d8       0x38 build/pawpet_m0/utils.o
                0x00000000000003d8                writeNum
 .text.resetIntoApp
                0x0000000000000410       0x28 build/pawpet_m0/utils.o
                0x0000000000000410                resetIntoApp
 .text.timerTick
                0x0000000000000438       0x40 build/pawpet_m0/utils.o
                0x0000000000000438                timerTick
 .text.resetIntoBootloader
                0x0000000000000478       0x28 build/pawpet_m0/utils.o
                0x0000000000000478                resetIntoBootloader
 .text.led_tick
                0x00000000000004a0       0x58 build/pawpet_m0/utils.o
                0x00000000000004a0                led_tick
 .text.led_signal
                0x00000000000004f8       0x20 build/pawpet_m0/utils.o
                0x00000000000004f8                led_signal
 .text.led_init
                0x0000000000000518        0x2 build/pawpet_m0/utils.o
                0x0000000000000518                led_init
 .text.RGBLED_set_color
                0x000000000000051a        0x2 build/pawpet_m0/utils.o
                0x000000000000051a                RGBLED_set_color
 .text.AT91F_InitUSB
                0x000000000000051c      0x108 build/pawpet_m0/cdc_enumerate.o
                0x000000000000051c                AT91F_InitUSB
 .text.USB_ReadCore
                0x0000000000000624       0xe0 build/pawpet_m0/cdc_enumerate.o
                0x0000000000000624                USB_ReadCore
 .text.USB_Read
                0x0000000000000704        0xa build/pawpet_m0/cdc_enumerate.o
                0x0000000000000704                USB_Read
 .text.USB_ReadBlocking
                0x000000000000070e       0x22 build/pawpet_m0/cdc_enumerate.o
                0x000000000000070e                USB_ReadBlocking
 .text.USB_WriteCore
                0x0000000000000730       0x94 build/pawpet_m0/cdc_enumerate.o
                0x0000000000000730                USB_WriteCore
 .text.USB_Write
                0x00000000000007c4        0xa build/pawpet_m0/cdc_enumerate.o
                0x00000000000007c4                USB_Write
 *fill*         0x00000000000007ce        0x2 
 .text.sendCtrl
                0x00000000000007d0       0x1c build/pawpet_m0/cdc_enumerate.o
 .text.AT91F_USB_SendZlp
                0x00000000000007ec       0x10 build/pawpet_m0/cdc_enumerate.o
                0x00000000000007ec                AT91F_USB_SendZlp
 .text.USB_Ok   0x00000000000007fc      0x4d8 build/pawpet_m0/cdc_enumerate.o
                0x00000000000007fc                USB_Ok
 .text.usb_init
                0x0000000000000cd4       0x20 build/pawpet_m0/cdc_enumerate.o
                0x0000000000000cd4                usb_init
 .text.cdc_write_buf
                0x0000000000000cf4        0xe build/pawpet_m0/cdc_enumerate.o
                0x0000000000000cf4                cdc_write_buf
 .text.cdc_write_buf_xmd
                0x0000000000000d02        0xe build/pawpet_m0/cdc_enumerate.o
                0x0000000000000d02                cdc_write_buf_xmd
 .text.cdc_read_buf
                0x0000000000000d10       0x1e build/pawpet_m0/cdc_enumerate.o
                0x0000000000000d10                cdc_read_buf
 .text.cdc_read_buf_xmd
                0x0000000000000d2e       0x22 build/pawpet_m0/cdc_enumerate.o
                0x0000000000000d2e                cdc_read_buf_xmd
 .text.padded_memcpy
                0x0000000000000d50       0x1e build/pawpet_m0/fat.o
                0x0000000000000d50                padded_memcpy
 *fill*         0x0000000000000d6e        0x2 
 .text.read_block
                0x0000000000000d70      0x168 build/pawpet_m0/fat.o
                0x0000000000000d70                read_block
 .text.write_block
                0x0000000000000ed8       0xe8 build/pawpet_m0/fat.o
                0x0000000000000ed8                write_block
 .text.startup.main
                0x0000000000000fc0      0x19c build/pawpet_m0/main.o
                0x0000000000000fc0                main
 .text.udi_msc_clear_sense
                0x000000000000115c       0x1c build/pawpet_m0/msc.o
 .text.udi_msc_sense_pass
                0x0000000000001178       0x14 build/pawpet_m0/msc.o
 .text.handover_flash
                0x000000000000118c       0x36 build/pawpet_m0/msc.o
 .text.try_read_cbw
                0x00000000000011c2       0x2c build/pawpet_m0/msc.o
                0x00000000000011c2                try_read_cbw
 *fill*         0x00000000000011ee        0x2 
 .text.udi_msc_csw_send
                0x00000000000011f0       0x14 build/pawpet_m0/msc.o
                0x00000000000011f0                udi_msc_csw_send
 .text.udi_msc_csw_process
                0x0000000000001204       0x38 build/pawpet_m0/msc.o
 .text.udi_msc_data_send
                0x000000000000123c       0x68 build/pawpet_m0/msc.o
 .text.udi_msc_spc_mode_sense
                0x00000000000012a4       0x70 build/pawpet_m0/msc.o
 .text.udi_msc_sbc_trans
                0x0000000000001314       0xc4 build/pawpet_m0/msc.o
 .text.process_msc
                0x00000000000013d8      0x138 build/pawpet_m0/msc.o
                0x00000000000013d8                process_msc
 .text.handoverPrep
                0x0000000000001510       0x24 build/pawpet_m0/msc.o
                0x0000000000001510                handoverPrep
 .text.handover
                0x0000000000001534       0xd4 build/pawpet_m0/msc.o
 .text.call_applet
                0x0000000000001608       0x20 build/pawpet_m0/sam_ba_monitor.o
                0x0000000000001608                call_applet
 .text.put_uint32
                0x0000000000001628       0x16 build/pawpet_m0/sam_ba_monitor.o
                0x0000000000001628                put_uint32
 *fill*         0x000000000000163e        0x2 
 .text.sam_ba_monitor_run
                0x0000000000001640      0x250 build/pawpet_m0/sam_ba_monitor.o
                0x0000000000001640                sam_ba_monitor_run
 .text.recv_hf2
                0x0000000000001890       0x5a build/pawpet_m0/hid.o
                0x0000000000001890                recv_hf2
 .text.send_hf2
                0x00000000000018ea       0x46 build/pawpet_m0/hid.o
                0x00000000000018ea                send_hf2
 .text.send_hf2_response
                0x0000000000001930       0x14 build/pawpet_m0/hid.o
                0x0000000000001930                send_hf2_response
 .text.process_core
                0x0000000000001944       0xfc build/pawpet_m0/hid.o
                0x0000000000001944                process_core
 .text.process_hid
                0x0000000000001a40       0x28 build/pawpet_m0/hid.o
                0x0000000000001a40                process_hid
 .text.hidHandoverLoop
                0x0000000000001a68       0x24 build/pawpet_m0/hid.o
                0x0000000000001a68                hidHandoverLoop
 .text          0x0000000000001a8c       0x14 /home/nano/gcc-arm/bin/../lib/gcc/arm-none-eabi/10.3.1/thumb/v6-m/nofp/libgcc.a(_thumb1_case_sqi.o)
                0x0000000000001a8c                __gnu_thumb1_case_sqi
 .text          0x0000000000001aa0       0x14 /home/nano/gcc-arm/bin/../lib/gcc/arm-none-eabi/10.3.1/thumb/v6-m/nofp/libgcc.a(_thumb1_case_uqi.o)
                0x0000000000001aa0                __gnu_thumb1_case_uqi
 .text.memcpy   0x0000000000001ab4       0x12 /home/nano/gcc-arm/bin/../lib/gcc/arm-none-eabi/10.3.1/../../../../arm-none-eabi/lib/thumb/v6-m/nofp/libg_nano.a(lib_a-memcpy-stub.o)
                0x0000000000001ab4                memcpy
 .text.memset   0x0000000000001ac6       0x10 /home/nano/gcc-arm/bin/../lib/gcc/arm-none-eabi/10.3.1/../../../../arm-none-eabi/lib/thumb/v6-m/nofp/libg_nano.a(lib_a-memset.o)
                0x0000000000001ac6                memset
 .text          0x0000000000001ad6        0xe /home/nano/gcc-arm/bin/../lib/gcc/arm-none-eabi/10.3.1/../../../../arm-none-eabi/lib/thumb/v6-m/nofp/libg_nano.a(lib_a-strlen.o)
                0x0000000000001ad6                strlen
 *(.glue_7t)
 .glue_7t       0x0000000000001ae4        0x0 linker stubs
 *(.glue_7)
 .glue_7        0x0000000000001ae4        0x0 linker stubs
 *(.rodata .rodata* .gnu.linkonce.r.*)
 .rodata.str1.1
                0x0000000000001ae4       0x20 build/pawpet_m0/cdc_enumerate.o
 .rodata        0x0000000000001b04       0x10 build/pawpet_m0/cdc_enumerate.o
 .rodata.devDescriptor
                0x0000000000001b14       0x12 build/pawpet_m0/cdc_enumerate.o
                0x0000000000001b14                devDescriptor
 *fill*         0x0000000000001b26        0x2 
 .rodata.hidDescriptor
                0x0000000000001b28       0x21 build/pawpet_m0/cdc_enumerate.o
                0x0000000000001b28                hidDescriptor
 *fill*         0x0000000000001b49        0x3 
 .rodata.string_descriptors
                0x0000000000001b4c       0x10 build/pawpet_m0/cdc_enumerate.o
 .rodata.BootBlock
                0x0000000000001b5c       0x3e build/pawpet_m0/fat.o
 .rodata.indexFile
                0x0000000000001b9a       0x72 build/pawpet_m0/fat.o
                0x0000000000001b9a                indexFile
 .rodata.info   0x0000000000001c0c       0x30 build/pawpet_m0/fat.o
 .rodata.infoUf2File
                0x0000000000001c3c       0x52 build/pawpet_m0/fat.o
                0x0000000000001c3c                infoUf2File
 .rodata.process_msc.str1.1
                0x0000000000001c8e        0xa build/pawpet_m0/msc.o
 .rodata        0x0000000000001c8e        0xc build/pawpet_m0/msc.o
 .rodata.sam_ba_monitor_run.str1.1
                0x0000000000001c9a       0x10 build/pawpet_m0/sam_ba_monitor.o
 .rodata.fullVersion
                0x0000000000001caa       0x2a build/pawpet_m0/sam_ba_monitor.o
 *(.ARM.extab* .gnu.linkonce.armextab.*)
                0x0000000000001cd4                . = ALIGN (0x4)
 *(.init)
                0x0000000000001cd4                . = ALIGN (0x4)
                0x0000000000001cd4                __preinit_array_start = .
 *(.preinit_array)
                0x0000000000001cd4                __preinit_array_end = .
                0x0000000000001cd4                . = ALIGN (0x4)
                0x0000000000001cd4                __init_array_start = .
 *(SORT_BY_NAME(.init_array.*))
 *(.init_array)
                0x0000000000001cd4                __init_array_end = .
                0x0000000000001cd4                . = ALIGN (0x4)
 *crtbegin.o(.ctors)
 *(EXCLUDE_FILE(*crtend.o) .ctors)
 *(SORT_BY_NAME(.ctors.*))
 *crtend.o(.ctors)
                0x0000000000001cd4                . = ALIGN (0x4)
                0x0000000000001cd4                _efixed = .
                [!provide]                        PROVIDE (__exidx_start = .)

.vfp11_veneer   0x0000000000001cd4        0x0
 .vfp11_veneer  0x0000000000001cd4        0x0 linker stubs

.v4_bx          0x0000000000001cd4        0x0
 .v4_bx         0x0000000000001cd4        0x0 linker stubs

.iplt           0x0000000000001cd4        0x0
 .iplt          0x0000000000001cd4        0x0 build/pawpet_m0/flash_samd21.o

.igot.plt       0x0000000000001cd4        0x0
 .igot.plt      0x0000000000001cd4        0x0 build/pawpet_m0/flash_samd21.o

.rel.dyn        0x0000000000001cd4        0x0
 .rel.iplt      0x0000000000001cd4        0x0 build/pawpet_m0/flash_samd21.o

.ARM.exidx
 *(.ARM.exidx* .gnu.linkonce.armexidx.*)
                [!provide]                        PROVIDE (__exidx_end = .)
                0x0000000000001cd4                . = ALIGN (0x4)
                0x0000000000001cd4                _etext = .

.relocate       0x0000000020000000      0x1d0 load address 0x0000000000001cd4
                0x0000000020000000                . = ALIGN (0x4)
                0x0000000020000000                _srelocate = .
 *(.ramfunc .ramfunc.*)
 *(.data .data.*)
 .data.current_cpu_frequency_MHz
                0x0000000020000000        0x4 build/pawpet_m0/init_samd21.o
                0x0000000020000000                current_cpu_frequency_MHz
 .data.led_tick_step
                0x0000000020000004        0x1 build/pawpet_m0/utils.o
                0x0000000020000004                led_tick_step
 .data.limit    0x0000000020000005        0x1 build/pawpet_m0/utils.o
 *fill*         0x0000000020000006        0x2 
 .data.bosDescriptor
                0x0000000020000008       0x39 build/pawpet_m0/cdc_enumerate.o
 *fill*         0x0000000020000041        0x3 
 .data.cfgDescriptor
                0x0000000020000044       0x99 build/pawpet_m0/cdc_enumerate.o
                0x0000000020000044                cfgDescriptor
 *fill*         0x00000000200000dd        0x3 
 .data.hidCfgDescriptor
                0x00000000200000e0        0x9 build/pawpet_m0/cdc_enumerate.o
                0x00000000200000e0                hidCfgDescriptor
 *fill*         0x00000000200000e9        0x3 
 .data.line_coding
                0x00000000200000ec        0x8 build/pawpet_m0/cdc_enumerate.o
 .data.msOS20Descriptor
                0x00000000200000f4       0xaa build/pawpet_m0/cdc_enumerate.o
 .data.udi_msc_csw
                0x000000002000019e        0xd build/pawpet_m0/msc.o
 *fill*         0x00000000200001ab        0x1 
 .data.udi_msc_inquiry_data.2
                0x00000000200001ac       0x24 build/pawpet_m0/msc.o
                0x00000000200001d0                . = ALIGN (0x4)
                0x00000000200001d0                _erelocate = .

.bss            0x00000000200001d0      0xc0c load address 0x0000000000001ea4
                0x00000000200001d0                . = ALIGN (0x4)
                0x00000000200001d0                _sbss = .
                0x00000000200001d0                _szero = .
 *(.bss .bss.*)
 .bss.crcCache  0x00000000200001d0      0x200 build/pawpet_m0/usart_sam_ba.o
 .bss.led_tick_on
                0x00000000200003d0        0x1 build/pawpet_m0/utils.o
                0x00000000200003d0                led_tick_on
 *fill*         0x00000000200003d1        0x3 
 .bss.now       0x00000000200003d4        0x4 build/pawpet_m0/utils.o
 .bss.resetHorizon
                0x00000000200003d8        0x4 build/pawpet_m0/utils.o
                0x00000000200003d8                resetHorizon
 .bss.signal_end
                0x00000000200003dc        0x4 build/pawpet_m0/utils.o
 .bss.timerHigh
                0x00000000200003e0        0x4 build/pawpet_m0/utils.o
                0x00000000200003e0                timerHigh
 .bss.timerLow  0x00000000200003e4        0x4 build/pawpet_m0/utils.o
 .bss.ctrlOutCache
                0x00000000200003e8       0x44 build/pawpet_m0/cdc_enumerate.o
                0x00000000200003e8                ctrlOutCache
 .bss.currentConfiguration
                0x000000002000042c        0x1 build/pawpet_m0/cdc_enumerate.o
 *fill*         0x000000002000042d        0x3 
 .bss.endpointCache
                0x0000000020000430      0x220 build/pawpet_m0/cdc_enumerate.o
                0x0000000020000430                endpointCache
 .bss.serial_number
                0x0000000020000650       0x21 build/pawpet_m0/cdc_enumerate.o
 *fill*         0x0000000020000671        0x3 
 .bss.usb_endpoint_table
                0x0000000020000674      0x100 build/pawpet_m0/cdc_enumerate.o
                0x0000000020000674                usb_endpoint_table
 .bss.wLength   0x0000000020000774        0x2 build/pawpet_m0/cdc_enumerate.o
 .bss.main_b_cdc_enable
                0x0000000020000776        0x1 build/pawpet_m0/main.o
 *fill*         0x0000000020000777        0x1 
 .bss.block_buffer
                0x0000000020000778      0x200 build/pawpet_m0/msc.o
 .bss.sense.1   0x0000000020000978       0x14 build/pawpet_m0/msc.o
 .bss.udi_msc_capacity.0
                0x000000002000098c        0x8 build/pawpet_m0/msc.o
 .bss.udi_msc_cbw
                0x0000000020000994       0x1f build/pawpet_m0/msc.o
 .bss.udi_msc_sense
                0x00000000200009b3       0x12 build/pawpet_m0/msc.o
 *fill*         0x00000000200009c5        0x3 
 .bss.usbWriteState
                0x00000000200009c8       0x98 build/pawpet_m0/msc.o
 .bss.b_sam_ba_interface_usart
                0x0000000020000a60        0x1 build/pawpet_m0/sam_ba_monitor.o
                0x0000000020000a60                b_sam_ba_interface_usart
 .bss.command   0x0000000020000a61        0x1 build/pawpet_m0/sam_ba_monitor.o
                0x0000000020000a61                command
 *fill*         0x0000000020000a62        0x2 
 .bss.current_number
                0x0000000020000a64        0x4 build/pawpet_m0/sam_ba_monitor.o
                0x0000000020000a64                current_number
 .bss.data      0x0000000020000a68       0x41 build/pawpet_m0/sam_ba_monitor.o
                0x0000000020000a68                data
 *fill*         0x0000000020000aa9        0x3 
 .bss.i         0x0000000020000aac        0x4 build/pawpet_m0/sam_ba_monitor.o
                0x0000000020000aac                i
 .bss.j         0x0000000020000ab0        0x1 build/pawpet_m0/sam_ba_monitor.o
                0x0000000020000ab0                j
 *fill*         0x0000000020000ab1        0x3 
 .bss.length    0x0000000020000ab4        0x4 build/pawpet_m0/sam_ba_monitor.o
                0x0000000020000ab4                length
 .bss.ptr       0x0000000020000ab8        0x4 build/pawpet_m0/sam_ba_monitor.o
                0x0000000020000ab8                ptr
 .bss.ptr_data  0x0000000020000abc        0x4 build/pawpet_m0/sam_ba_monitor.o
                0x0000000020000abc                ptr_data
 .bss.sp        0x0000000020000ac0        0x4 build/pawpet_m0/sam_ba_monitor.o
                0x0000000020000ac0                sp
 .bss.src_buff_addr.0
                0x0000000020000ac4        0x4 build/pawpet_m0/sam_ba_monitor.o
 .bss.u32tmp    0x0000000020000ac8        0x4 build/pawpet_m0/sam_ba_monitor.o
                0x0000000020000ac8                u32tmp
 .bss.hidbufData
                0x0000000020000acc      0x188 build/pawpet_m0/hid.o
 .bss.webbufData
                0x0000000020000c54      0x188 build/pawpet_m0/hid.o
 *(COMMON)
                0x0000000020000ddc                . = ALIGN (0x4)
                0x0000000020000ddc                _ebss = .
                0x0000000020000ddc                _ezero = .

.stack          0x0000000020000ddc     0x2004 load address 0x0000000000002ab0
                0x0000000020000de0                . = ALIGN (0x8)
 *fill*         0x0000000020000ddc        0x4 
                0x0000000020000de0                _sstack = .
                0x0000000020002de0                . = (. + STACK_SIZE)
 *fill*         0x0000000020000de0     0x2000 
                0x0000000020002de0                . = ALIGN (0x8)
                0x0000000020002de0                _estack = .
                0x0000000020002de0                . = ALIGN (0x4)
                0x0000000020002de0                _end = .
                0x0000000000001ff0                _binfo_start = 0x1ff0

.binfo          0x0000000000001ff0       0x10
 *(.binfo)
 .binfo         0x0000000000001ff0       0x10 build/pawpet_m0/msc.o
                0x0000000000001ff0                binfo
OUTPUT(build/pawpet_m0/bootloader-pawpet_m0-v3.14.0.elf elf32-littlearm)
LOAD linker stubs

.debug_info     0x0000000000000000    0x13e54
 .debug_info    0x0000000000000000      0x7ec build/pawpet_m0/flash_samd21.o
 .debug_info    0x00000000000007ec     0x1cc9 build/pawpet_m0/init_samd21.o
 .debug_info    0x00000000000024b5     0x399b build/pawpet_m0/startup_samd21.o
 .debug_info    0x0000000000005e50     0x38f5 build/pawpet_m0/usart_sam_ba.o
 .debug_info    0x0000000000009745      0x4b6 build/pawpet_m0/utils.o
 .debug_info    0x0000000000009bfb     0x4058 build/pawpet_m0/cdc_enumerate.o
 .debug_info    0x000000000000dc53      0x8a6 build/pawpet_m0/fat.o
 .debug_info    0x000000000000e4f9     0x1444 build/pawpet_m0/main.o
 .debug_info    0x000000000000f93d     0x33c6 build/pawpet_m0/msc.o
 .debug_info    0x0000000000012d03      0x64f build/pawpet_m0/sam_ba_monitor.o
 .debug_info    0x0000000000013352      0xb02 build/pawpet_m0/hid.o

.debug_abbrev   0x0000000000000000     0x229c
 .debug_abbrev  0x0000000000000000      0x201 build/pawpet_m0/flash_samd21.o
 .debug_abbrev  0x0000000000000201      0x2b1 build/pawpet_m0/init_samd21.o
 .debug_abbrev  0x00000000000004b2      0x2b4 build/pawpet_m0/startup_samd21.o
 .debug_abbrev  0x0000000000000766      0x423 build/pawpet_m0/usart_sam_ba.o
 .debug_abbrev  0x0000000000000b89      0x254 build/pawpet_m0/utils.o
 .debug_abbrev  0x0000000000000ddd      0x4a3 build/pawpet_m0/cdc_enumerate.o
 .debug_abbrev  0x0000000000001280      0x277 build/pawpet_m0/fat.o
 .debug_abbrev  0x00000000000014f7      0x2b8 build/pawpet_m0/main.o
 .debug_abbrev  0x00000000000017af      0x51e build/pawpet_m0/msc.o
 .debug_abbrev  0x0000000000001ccd      0x29a build/pawpet_m0/sam_ba_monitor.o
 .debug_abbrev  0x0000000000001f67      0x335 build/pawpet_m0/hid.o

.debug_loc      0x0000000000000000     0x31b6
 .debug_loc     0x0000000000000000      0x497 build/pawpet_m0/flash_samd21.o
 .debug_loc     0x0000000000000497       0x6f build/pawpet_m0/init_samd21.o
 .debug_loc     0x0000000000000506      0xa19 build/pawpet_m0/usart_sam_ba.o
 .debug_loc     0x0000000000000f1f      0x1a4 build/pawpet_m0/utils.o
 .debug_loc     0x00000000000010c3      0xcfb build/pawpet_m0/cdc_enumerate.o
 .debug_loc     0x0000000000001dbe      0x51d build/pawpet_m0/fat.o
 .debug_loc     0x00000000000022db       0x7a build/pawpet_m0/main.o
 .debug_loc     0x0000000000002355      0x5bd build/pawpet_m0/msc.o
 .debug_loc     0x0000000000002912      0x245 build/pawpet_m0/sam_ba_monitor.o
 .debug_loc     0x0000000000002b57      0x65f build/pawpet_m0/hid.o

.debug_aranges  0x0000000000000000      0x398
 .debug_aranges
                0x0000000000000000       0x48 build/pawpet_m0/flash_samd21.o
 .debug_aranges
                0x0000000000000048       0x38 build/pawpet_m0/init_samd21.o
 .debug_aranges
                0x0000000000000080       0x30 build/pawpet_m0/startup_samd21.o
 .debug_aranges
                0x00000000000000b0       0x88 build/pawpet_m0/usart_sam_ba.o
 .debug_aranges
                0x0000000000000138       0x68 build/pawpet_m0/utils.o
 .debug_aranges
                0x00000000000001a0       0x98 build/pawpet_m0/cdc_enumerate.o
 .debug_aranges
                0x0000000000000238       0x30 build/pawpet_m0/fat.o
 .debug_aranges
                0x0000000000000268       0x20 build/pawpet_m0/main.o
 .debug_aranges
                0x0000000000000288       0x88 build/pawpet_m0/msc.o
 .debug_aranges
                0x0000000000000310       0x40 build/pawpet_m0/sam_ba_monitor.o
 .debug_aranges
                0x0000000000000350       0x48 build/pawpet_m0/hid.o

.debug_ranges   0x0000000000000000      0x780
 .debug_ranges  0x0000000000000000       0xa8 build/pawpet_m0/flash_samd21.o
 .debug_ranges  0x00000000000000a8       0x48 build/pawpet_m0/init_samd21.o
 .debug_ranges  0x00000000000000f0       0x20 build/pawpet_m0/startup_samd21.o
 .debug_ranges  0x0000000000000110       0xb0 build/pawpet_m0/usart_sam_ba.o
 .debug_ranges  0x00000000000001c0       0x90 build/pawpet_m0/utils.o
 .debug_ranges  0x0000000000000250       0xd8 build/pawpet_m0/cdc_enumerate.o
 .debug_ranges  0x0000000000000328      0x120 build/pawpet_m0/fat.o
 .debug_ranges  0x0000000000000448       0x40 build/pawpet_m0/main.o
 .debug_ranges  0x0000000000000488      0x190 build/pawpet_m0/msc.o
 .debug_ranges  0x0000000000000618       0xb0 build/pawpet_m0/sam_ba_monitor.o
 .debug_ranges  0x00000000000006c8       0xb8 build/pawpet_m0/hid.o

.debug_line     0x0000000000000000     0x3eff
 .debug_line    0x0000000000000000      0x405 build/pawpet_m0/flash_samd21.o
 .debug_line    0x0000000000000405      0x345 build/pawpet_m0/init_samd21.o
 .debug_line    0x000000000000074a      0x253 build/pawpet_m0/startup_samd21.o
 .debug_line    0x000000000000099d      0x8f6 build/pawpet_m0/usart_sam_ba.o
 .debug_line    0x0000000000001293      0x400 build/pawpet_m0/utils.o
 .debug_line    0x0000000000001693      0xc4e build/pawpet_m0/cdc_enumerate.o
 .debug_line    0x00000000000022e1      0x527 build/pawpet_m0/fat.o
 .debug_line    0x0000000000002808      0x47b build/pawpet_m0/main.o
 .debug_line    0x0000000000002c83      0x927 build/pawpet_m0/msc.o
 .debug_line    0x00000000000035aa      0x509 build/pawpet_m0/sam_ba_monitor.o
 .debug_line    0x0000000000003ab3      0x44c build/pawpet_m0/hid.o

.debug_str      0x0000000000000000     0x3b04
 .debug_str     0x0000000000000000      0x329 build/pawpet_m0/flash_samd21.o
                                        0x3cd (size before relaxing)
 .debug_str     0x0000000000000329      0x70e build/pawpet_m0/init_samd21.o
                                        0xa77 (size before relaxing)
 .debug_str     0x0000000000000a37      0xeef build/pawpet_m0/startup_samd21.o
                                       0x1358 (size before relaxing)
 .debug_str     0x0000000000001926      0xc4e build/pawpet_m0/usart_sam_ba.o
                                        0xf98 (size before relaxing)
 .debug_str     0x0000000000002574       0xe6 build/pawpet_m0/utils.o
                                        0x2e9 (size before relaxing)
 .debug_str     0x000000000000265a      0x41c build/pawpet_m0/cdc_enumerate.o
                                       0x1205 (size before relaxing)
 .debug_str     0x0000000000002a76      0x2b7 build/pawpet_m0/fat.o
                                        0x4eb (size before relaxing)
 .debug_str     0x0000000000002d2d      0x12e build/pawpet_m0/main.o
                                        0x77b (size before relaxing)
 .debug_str     0x0000000000002e5b      0x9e1 build/pawpet_m0/msc.o
                                       0x1498 (size before relaxing)
 .debug_str     0x000000000000383c       0xc9 build/pawpet_m0/sam_ba_monitor.o
                                        0x38a (size before relaxing)
 .debug_str     0x0000000000003905      0x1ff build/pawpet_m0/hid.o
                                        0x4bf (size before relaxing)

.comment        0x0000000000000000       0x49
 .comment       0x0000000000000000       0x49 build/pawpet_m0/flash_samd21.o
                                         0x4a (size before relaxing)
 .comment       0x0000000000000049       0x4a build/pawpet_m0/init_samd21.o
 .comment       0x0000000000000049       0x4a build/pawpet_m0/startup_samd21.o
 .comment       0x0000000000000049       0x4a build/pawpet_m0/usart_sam_ba.o
 .comment       0x0000000000000049       0x4a build/pawpet_m0/utils.o
 .comment       0x0000000000000049       0x4a build/pawpet_m0/cdc_enumerate.o
 .comment       0x0000000000000049       0x4a build/pawpet_m0/fat.o
 .comment       0x0000000000000049       0x4a build/pawpet_m0/main.o
 .comment       0x0000000000000049       0x4a build/pawpet_m0/msc.o
 .comment       0x0000000000000049       0x4a build/pawpet_m0/sam_ba_monitor.o
 .comment       0x0000000000000049       0x4a build/pawpet_m0/hid.o

.ARM.attributes
                0x0000000000000000       0x2a
 .ARM.attributes
                0x0000000000000000       0x2c build/pawpet_m0/flash_samd21.o
 .ARM.attributes
                0x000000000000002c       0x2c build/pawpet_m0/init_samd21.o
 .ARM.attributes
                0x0000000000000058       0x2c build/pawpet_m0/startup_samd21.o
 .ARM.attributes
                0x0000000000000084       0x2c build/pawpet_m0/usart_sam_ba.o
 .ARM.attributes
                0x00000000000000b0       0x2c build/pawpet_m0/utils.o
 .ARM.attributes
                0x00000000000000dc       0x2c build/pawpet_m0/cdc_enumerate.o
 .ARM.attributes
                0x0000000000000108       0x2c build/pawpet_m0/fat.o
 .ARM.attributes
                0x0000000000000134       0x2c build/pawpet_m0/main.o
 .ARM.attributes
                0x0000000000000160       0x2c build/pawpet_m0/msc.o
 .ARM.attributes
                0x000000000000018c       0x2c build/pawpet_m0/sam_ba_monitor.o
 .ARM.attributes
                0x00000000000001b8       0x2c build/pawpet_m0/hid.o
 .ARM.attributes
                0x00000000000001e4       0x1e /home/nano/gcc-arm/bin/../lib/gcc/arm-none-eabi/10.3.1/thumb/v6-m/nofp/libgcc.a(_thumb1_case_sqi.o)
 .ARM.attributes
                0x0000000000000202       0x1e /home/nano/gcc-arm/bin/../lib/gcc/arm-none-eabi/10.3.1/thumb/v6-m/nofp/libgcc.a(_thumb1_case_uqi.o)
 .ARM.attributes
                0x0000000000000220       0x2c /home/nano/gcc-arm/bin/../lib/gcc/arm-none-eabi/10.3.1/../../../../arm-none-eabi/lib/thumb/v6-m/nofp/libg_nano.a(lib_a-memcpy-stub.o)
 .ARM.attributes
                0x000000000000024c       0x2c /home/nano/gcc-arm/bin/../lib/gcc/arm-none-eabi/10.3.1/../../../../arm-none-eabi/lib/thumb/v6-m/nofp/libg_nano.a(lib_a-memset.o)
 .ARM.attributes
                0x0000000000000278       0x1c /home/nano/gcc-arm/bin/../lib/gcc/arm-none-eabi/10.3.1/../../../../arm-none-eabi/lib/thumb/v6-m/nofp/libg_nano.a(lib_a-strlen.o)

.debug_frame    0x0000000000000000      0x94c
 .debug_frame   0x0000000000000000       0xb8 build/pawpet_m0/flash_samd21.o
 .debug_frame   0x00000000000000b8       0x68 build/pawpet_m0/init_samd21.o
 .debug_frame   0x0000000000000120       0x4c build/pawpet_m0/startup_samd21.o
 .debug_frame   0x000000000000016c      0x188 build/pawpet_m0/usart_sam_ba.o
 .debug_frame   0x00000000000002f4       0xc4 build/pawpet_m0/utils.o
 .debug_frame   0x00000000000003b8      0x1d0 build/pawpet_m0/cdc_enumerate.o
 .debug_frame   0x0000000000000588       0x68 build/pawpet_m0/fat.o
 .debug_frame   0x00000000000005f0       0x30 build/pawpet_m0/main.o
 .debug_frame   0x0000000000000620      0x190 build/pawpet_m0/msc.o
 .debug_frame   0x00000000000007b0       0x90 build/pawpet_m0/sam_ba_monitor.o
 .debug_frame   0x0000000000000840       0xc4 build/pawpet_m0/hid.o
 .debug_frame   0x0000000000000904       0x28 /home/nano/gcc-arm/bin/../lib/gcc/arm-none-eabi/10.3.1/../../../../arm-none-eabi/lib/thumb/v6-m/nofp/libg_nano.a(lib_a-memcpy-stub.o)
 .debug_frame   0x000000000000092c       0x20 /home/nano/gcc-arm/bin/../lib/gcc/arm-none-eabi/10.3.1/../../../../arm-none-eabi/lib/thumb/v6-m/nofp/libg_nano.a(lib_a-memset.o)

Cross Reference Table

Symbol                                            File
AC_Handler                                        build/pawpet_m0/startup_samd21.o
ADC_Handler                                       build/pawpet_m0/startup_samd21.o
AT91F_InitUSB                                     build/pawpet_m0/cdc_enumerate.o
AT91F_USB_SendZlp                                 build/pawpet_m0/cdc_enumerate.o
DAC_Handler                                       build/pawpet_m0/startup_samd21.o
DMAC_Handler                                      build/pawpet_m0/startup_samd21.o
Dummy_Handler                                     build/pawpet_m0/startup_samd21.o
EIC_Handler                                       build/pawpet_m0/startup_samd21.o
EVSYS_Handler                                     build/pawpet_m0/startup_samd21.o
HardFault_Handler                                 build/pawpet_m0/startup_samd21.o
I2S_Handler                                       build/pawpet_m0/startup_samd21.o
NMI_Handler                                       build/pawpet_m0/startup_samd21.o
NVMCTRL_Handler                                   build/pawpet_m0/startup_samd21.o
PM_Handler                                        build/pawpet_m0/startup_samd21.o
PTC_Handler                                       build/pawpet_m0/startup_samd21.o
PendSV_Handler                                    build/pawpet_m0/startup_samd21.o
RGBLED_set_color                                  build/pawpet_m0/utils.o
                                                  build/pawpet_m0/sam_ba_monitor.o
                                                  build/pawpet_m0/main.o
RTC_Handler                                       build/pawpet_m0/startup_samd21.o
Reset_Handler                                     build/pawpet_m0/startup_samd21.o
SERCOM0_Handler                                   build/pawpet_m0/startup_samd21.o
SERCOM1_Handler                                   build/pawpet_m0/startup_samd21.o
SERCOM2_Handler                                   build/pawpet_m0/startup_samd21.o
SERCOM3_Handler                                   build/pawpet_m0/startup_samd21.o
SERCOM4_Handler                                   build/pawpet_m0/startup_samd21.o
SERCOM5_Handler                                   build/pawpet_m0/startup_samd21.o
SVC_Handler                                       build/pawpet_m0/startup_samd21.o
SYSCTRL_Handler                                   build/pawpet_m0/startup_samd21.o
SysTick_Handler                                   build/pawpet_m0/init_samd21.o
TC3_Handler                                       build/pawpet_m0/startup_samd21.o
TC4_Handler                                       build/pawpet_m0/startup_samd21.o
TC5_Handler                                       build/pawpet_m0/startup_samd21.o
TCC0_Handler                                      build/pawpet_m0/startup_samd21.o
TCC1_Handler                                      build/pawpet_m0/startup_samd21.o
TCC2_Handler                                      build/pawpet_m0/startup_samd21.o
USB_Handler                                       build/pawpet_m0/startup_samd21.o
USB_Ok                                            build/pawpet_m0/cdc_enumerate.o
                                                  build/pawpet_m0/msc.o
                                                  build/pawpet_m0/main.o
USB_Read                                          build/pawpet_m0/cdc_enumerate.o
USB_ReadBlocking                                  build/pawpet_m0/cdc_enumerate.o
                                                  build/pawpet_m0/msc.o
USB_ReadCore                                      build/pawpet_m0/cdc_enumerate.o
                                                  build/pawpet_m0/hid.o
                                                  build/pawpet_m0/msc.o
USB_Write                                         build/pawpet_m0/cdc_enumerate.o
                                                  build/pawpet_m0/msc.o
USB_WriteCore                                     build/pawpet_m0/cdc_enumerate.o
                                                  build/pawpet_m0/hid.o
                                                  build/pawpet_m0/msc.o
WDT_Handler                                       build/pawpet_m0/startup_samd21.o
__gnu_thumb1_case_sqi                             /home/nano/gcc-arm/bin/../lib/gcc/arm-none-eabi/10.3.1/thumb/v6-m/nofp/libgcc.a(_thumb1_case_sqi.o)
                                                  build/pawpet_m0/msc.o
__gnu_thumb1_case_uqi                             /home/nano/gcc-arm/bin/../lib/gcc/arm-none-eabi/10.3.1/thumb/v6-m/nofp/libgcc.a(_thumb1_case_uqi.o)
                                                  build/pawpet_m0/hid.o
_erelocate                                        build/pawpet_m0/startup_samd21.o
_estack                                           build/pawpet_m0/startup_samd21.o
_etext                                            build/pawpet_m0/startup_samd21.o
_ezero                                            build/pawpet_m0/startup_samd21.o
_sfixed                                           build/pawpet_m0/startup_samd21.o
_srelocate                                        build/pawpet_m0/startup_samd21.o
_szero                                            build/pawpet_m0/startup_samd21.o
add_crc                                           build/pawpet_m0/usart_sam_ba.o
                                                  build/pawpet_m0/hid.o
                                                  build/pawpet_m0/sam_ba_monitor.o
arrowLogo                                         build/pawpet_m0/images.o
b_sam_ba_interface_usart                          build/pawpet_m0/sam_ba_monitor.o
b_sharp_received                                  build/pawpet_m0/usart_sam_ba.o
binfo                                             build/pawpet_m0/msc.o
buffer_rx_usart                                   build/pawpet_m0/usart_sam_ba.o
buffer_tx_usart                                   build/pawpet_m0/usart_sam_ba.o
call_applet                                       build/pawpet_m0/sam_ba_monitor.o
cdc_is_rx_ready                                   build/pawpet_m0/cdc_enumerate.o
cdc_read_buf                                      build/pawpet_m0/cdc_enumerate.o
                                                  build/pawpet_m0/sam_ba_monitor.o
cdc_read_buf_xmd                                  build/pawpet_m0/cdc_enumerate.o
                                                  build/pawpet_m0/sam_ba_monitor.o
cdc_write_buf                                     build/pawpet_m0/cdc_enumerate.o
                                                  build/pawpet_m0/sam_ba_monitor.o
cdc_write_buf_xmd                                 build/pawpet_m0/cdc_enumerate.o
                                                  build/pawpet_m0/sam_ba_monitor.o
cfgDescriptor                                     build/pawpet_m0/cdc_enumerate.o
command                                           build/pawpet_m0/sam_ba_monitor.o
copy_words                                        build/pawpet_m0/flash_samd21.o
                                                  build/pawpet_m0/hid.o
ctrlOutCache                                      build/pawpet_m0/cdc_enumerate.o
current_cpu_frequency_MHz                         build/pawpet_m0/init_samd21.o
                                                  build/pawpet_m0/utils.o
current_number                                    build/pawpet_m0/sam_ba_monitor.o
data                                              build/pawpet_m0/sam_ba_monitor.o
delay                                             build/pawpet_m0/utils.o
                                                  build/pawpet_m0/main.o
devDescriptor                                     build/pawpet_m0/cdc_enumerate.o
endpointCache                                     build/pawpet_m0/cdc_enumerate.o
error_timeout                                     build/pawpet_m0/usart_sam_ba.o
exception_table                                   build/pawpet_m0/startup_samd21.o
fileLogo                                          build/pawpet_m0/images.o
flash_erase_row                                   build/pawpet_m0/flash_samd21.o
flash_erase_to_end                                build/pawpet_m0/flash_samd21.o
                                                  build/pawpet_m0/sam_ba_monitor.o
flash_write                                       build/pawpet_m0/flash_samd21.o
flash_write_row                                   build/pawpet_m0/flash_samd21.o
                                                  build/pawpet_m0/hid.o
                                                  build/pawpet_m0/fat.o
flash_write_words                                 build/pawpet_m0/flash_samd21.o
                                                  build/pawpet_m0/sam_ba_monitor.o
font8                                             build/pawpet_m0/images.o
g_interrupt_enabled                               build/pawpet_m0/init_samd21.o
getPacket                                         build/pawpet_m0/usart_sam_ba.o
handoverPrep                                      build/pawpet_m0/msc.o
                                                  build/pawpet_m0/hid.o
hidCfgDescriptor                                  build/pawpet_m0/cdc_enumerate.o
hidDescriptor                                     build/pawpet_m0/cdc_enumerate.o
hidHandoverLoop                                   build/pawpet_m0/hid.o
                                                  build/pawpet_m0/msc.o
i                                                 build/pawpet_m0/sam_ba_monitor.o
idx_rx_read                                       build/pawpet_m0/usart_sam_ba.o
idx_rx_write                                      build/pawpet_m0/usart_sam_ba.o
idx_tx_read                                       build/pawpet_m0/usart_sam_ba.o
idx_tx_write                                      build/pawpet_m0/usart_sam_ba.o
indexFile                                         build/pawpet_m0/fat.o
infoUf2File                                       build/pawpet_m0/fat.o
                                                  build/pawpet_m0/hid.o
                                                  build/pawpet_m0/msc.o
j                                                 build/pawpet_m0/sam_ba_monitor.o
led_init                                          build/pawpet_m0/utils.o
                                                  build/pawpet_m0/main.o
led_signal                                        build/pawpet_m0/utils.o
                                                  build/pawpet_m0/sam_ba_monitor.o
                                                  build/pawpet_m0/msc.o
led_tick                                          build/pawpet_m0/utils.o
                                                  build/pawpet_m0/init_samd21.o
led_tick_on                                       build/pawpet_m0/utils.o
led_tick_step                                     build/pawpet_m0/utils.o
                                                  build/pawpet_m0/main.o
length                                            build/pawpet_m0/sam_ba_monitor.o
main                                              build/pawpet_m0/main.o
                                                  build/pawpet_m0/startup_samd21.o
memcpy                                            /home/nano/gcc-arm/bin/../lib/gcc/arm-none-eabi/10.3.1/../../../../arm-none-eabi/lib/thumb/v6-m/nofp/libg_nano.a(lib_a-memcpy-stub.o)
                                                  build/pawpet_m0/hid.o
                                                  build/pawpet_m0/sam_ba_monitor.o
                                                  build/pawpet_m0/msc.o
                                                  build/pawpet_m0/fat.o
                                                  build/pawpet_m0/cdc_enumerate.o
                                                  build/pawpet_m0/startup_samd21.o
memset                                            /home/nano/gcc-arm/bin/../lib/gcc/arm-none-eabi/10.3.1/../../../../arm-none-eabi/lib/thumb/v6-m/nofp/libg_nano.a(lib_a-memset.o)
                                                  build/pawpet_m0/hid.o
                                                  build/pawpet_m0/msc.o
                                                  build/pawpet_m0/fat.o
                                                  build/pawpet_m0/cdc_enumerate.o
                                                  build/pawpet_m0/startup_samd21.o
mode_of_transfer                                  build/pawpet_m0/usart_sam_ba.o
mscReset                                          build/pawpet_m0/msc.o
msc_reset                                         build/pawpet_m0/msc.o
padded_memcpy                                     build/pawpet_m0/fat.o
                                                  build/pawpet_m0/msc.o
panic                                             build/pawpet_m0/utils.o
pendriveLogo                                      build/pawpet_m0/images.o
process_core                                      build/pawpet_m0/hid.o
process_hid                                       build/pawpet_m0/hid.o
                                                  build/pawpet_m0/msc.o
process_msc                                       build/pawpet_m0/msc.o
                                                  build/pawpet_m0/sam_ba_monitor.o
ptr                                               build/pawpet_m0/sam_ba_monitor.o
ptr_data                                          build/pawpet_m0/sam_ba_monitor.o
put_uint32                                        build/pawpet_m0/sam_ba_monitor.o
read_block                                        build/pawpet_m0/fat.o
                                                  build/pawpet_m0/msc.o
recv_hf2                                          build/pawpet_m0/hid.o
resetHorizon                                      build/pawpet_m0/utils.o
                                                  build/pawpet_m0/main.o
                                                  build/pawpet_m0/fat.o
resetIntoApp                                      build/pawpet_m0/utils.o
                                                  build/pawpet_m0/hid.o
                                                  build/pawpet_m0/msc.o
resetIntoBootloader                               build/pawpet_m0/utils.o
                                                  build/pawpet_m0/hid.o
                                                  build/pawpet_m0/msc.o
                                                  build/pawpet_m0/main.o
reset_ep                                          build/pawpet_m0/cdc_enumerate.o
                                                  build/pawpet_m0/msc.o
sam_ba_monitor_init                               build/pawpet_m0/sam_ba_monitor.o
sam_ba_monitor_run                                build/pawpet_m0/sam_ba_monitor.o
                                                  build/pawpet_m0/main.o
sam_ba_putdata_term                               build/pawpet_m0/sam_ba_monitor.o
send_hf2                                          build/pawpet_m0/hid.o
send_hf2_response                                 build/pawpet_m0/hid.o
size_of_data                                      build/pawpet_m0/usart_sam_ba.o
sp                                                build/pawpet_m0/sam_ba_monitor.o
stall_ep                                          build/pawpet_m0/cdc_enumerate.o
                                                  build/pawpet_m0/msc.o
strlen                                            /home/nano/gcc-arm/bin/../lib/gcc/arm-none-eabi/10.3.1/../../../../arm-none-eabi/lib/thumb/v6-m/nofp/libg_nano.a(lib_a-strlen.o)
                                                  build/pawpet_m0/hid.o
                                                  build/pawpet_m0/fat.o
                                                  build/pawpet_m0/cdc_enumerate.o
system_init                                       build/pawpet_m0/init_samd21.o
                                                  build/pawpet_m0/main.o
timerHigh                                         build/pawpet_m0/utils.o
                                                  build/pawpet_m0/main.o
                                                  build/pawpet_m0/fat.o
timerTick                                         build/pawpet_m0/utils.o
                                                  build/pawpet_m0/cdc_enumerate.o
try_read_cbw                                      build/pawpet_m0/msc.o
u32tmp                                            build/pawpet_m0/sam_ba_monitor.o
uart_basic_init                                   build/pawpet_m0/uart_driver.o
                                                  build/pawpet_m0/usart_sam_ba.o
uart_disable                                      build/pawpet_m0/uart_driver.o
                                                  build/pawpet_m0/usart_sam_ba.o
uart_drv_error_flag                               build/pawpet_m0/uart_driver.o
uart_get_sercom_index                             build/pawpet_m0/uart_driver.o
                                                  build/pawpet_m0/usart_sam_ba.o
uart_read_buffer_polled                           build/pawpet_m0/uart_driver.o
uart_read_byte                                    build/pawpet_m0/uart_driver.o
                                                  build/pawpet_m0/usart_sam_ba.o
uart_write_buffer_polled                          build/pawpet_m0/uart_driver.o
uart_write_byte                                   build/pawpet_m0/uart_driver.o
                                                  build/pawpet_m0/usart_sam_ba.o
udd_ep_set_halt                                   build/pawpet_m0/msc.o
udi_msc_csw_send                                  build/pawpet_m0/msc.o
usart_close                                       build/pawpet_m0/usart_sam_ba.o
usart_getc                                        build/pawpet_m0/usart_sam_ba.o
usart_getdata                                     build/pawpet_m0/usart_sam_ba.o
usart_getdata_xmd                                 build/pawpet_m0/usart_sam_ba.o
usart_is_rx_ready                                 build/pawpet_m0/usart_sam_ba.o
usart_open                                        build/pawpet_m0/usart_sam_ba.o
usart_putc                                        build/pawpet_m0/usart_sam_ba.o
usart_putdata                                     build/pawpet_m0/usart_sam_ba.o
usart_putdata_xmd                                 build/pawpet_m0/usart_sam_ba.o
usart_readc                                       build/pawpet_m0/usart_sam_ba.o
usart_sharp_received                              build/pawpet_m0/usart_sam_ba.o
usb_endpoint_table                                build/pawpet_m0/cdc_enumerate.o
usb_init                                          build/pawpet_m0/cdc_enumerate.o
                                                  build/pawpet_m0/main.o
writeNum                                          build/pawpet_m0/utils.o
                                                  build/pawpet_m0/sam_ba_monitor.o
                                                  build/pawpet_m0/cdc_enumerate.o
write_block                                       build/pawpet_m0/fat.o
                                                  build/pawpet_m0/msc.o
