Archive member included to satisfy reference by file (symbol)

/home/nano/gcc-arm/bin/../lib/gcc/arm-none-eabi/10.3.1/../../../../arm-none-eabi/lib/thumb/v6-m/nofp/libg_nano.a(lib_a-memcpy-stub.o)
                              build/pawpet_m0/startup_samd21.o (memcpy)
/home/nano/gcc-arm/bin/../lib/gcc/arm-none-eabi/10.3.1/../../../../arm-none-eabi/lib/thumb/v6-m/nofp/libg_nano.a(lib_a-memset.o)
                              build/pawpet_m0/startup_samd21.o (memset)

Discarded input sections

 .text          0x0000000000000000        0x0 build/pawpet_m0/flash_samd21.o
 .data          0x0000000000000000        0x0 build/pawpet_m0/flash_samd21.o
 .bss           0x0000000000000000        0x0 build/pawpet_m0/flash_samd21.o
 .text.flash_erase_to_end
                0x0000000000000000       0x1a build/pawpet_m0/flash_samd21.o
 .text.copy_words
                0x0000000000000000       0x14 build/pawpet_m0/flash_samd21.o
 .text.flash_write
                0x0000000000000000       0x9c build/pawpet_m0/flash_samd21.o
 .text          0x0000000000000000        0x0 build/pawpet_m0/init_samd21.o
 .data          0x0000000000000000        0x0 build/pawpet_m0/init_samd21.o
 .bss           0x0000000000000000        0x0 build/pawpet_m0/init_samd21.o
 .data.g_interrupt_enabled
                0x0000000000000000        0x1 build/pawpet_m0/init_samd21.o
 .text          0x0000000000000000        0x0 build/pawpet_m0/startup_samd21.o
 .data          0x0000000000000000        0x0 build/pawpet_m0/startup_samd21.o
 .bss           0x0000000000000000        0x0 build/pawpet_m0/startup_samd21.o
 .text          0x0000000000000000        0x0 build/pawpet_m0/usart_sam_ba.o
 .data          0x0000000000000000        0x0 build/pawpet_m0/usart_sam_ba.o
 .bss           0x0000000000000000        0x0 build/pawpet_m0/usart_sam_ba.o
 .text.usart_open
                0x0000000000000000       0xbc build/pawpet_m0/usart_sam_ba.o
 .text.usart_close
                0x0000000000000000       0x10 build/pawpet_m0/usart_sam_ba.o
 .text.usart_putc
                0x0000000000000000       0x14 build/pawpet_m0/usart_sam_ba.o
 .text.usart_getc
                0x0000000000000000       0x10 build/pawpet_m0/usart_sam_ba.o
 .text.usart_is_rx_ready
                0x0000000000000000       0x10 build/pawpet_m0/usart_sam_ba.o
 .text.usart_sharp_received
                0x0000000000000000       0x1a build/pawpet_m0/usart_sam_ba.o
 .text.usart_readc
                0x0000000000000000       0x20 build/pawpet_m0/usart_sam_ba.o
 .text.usart_putdata
                0x0000000000000000       0x1a build/pawpet_m0/usart_sam_ba.o
 .text.usart_getdata
                0x0000000000000000        0xe build/pawpet_m0/usart_sam_ba.o
 .text.getbytes
                0x0000000000000000       0x60 build/pawpet_m0/usart_sam_ba.o
 .text.getPacket
                0x0000000000000000       0x70 build/pawpet_m0/usart_sam_ba.o
 .text.usart_putdata_xmd
                0x0000000000000000      0x10c build/pawpet_m0/usart_sam_ba.o
 .text.usart_getdata_xmd
                0x0000000000000000       0xb8 build/pawpet_m0/usart_sam_ba.o
 .bss.b_sharp_received
                0x0000000000000000        0x1 build/pawpet_m0/usart_sam_ba.o
 .bss.buffer_rx_usart
                0x0000000000000000       0x80 build/pawpet_m0/usart_sam_ba.o
 .bss.buffer_tx_usart
                0x0000000000000000       0x80 build/pawpet_m0/usart_sam_ba.o
 .bss.error_timeout
                0x0000000000000000        0x1 build/pawpet_m0/usart_sam_ba.o
 .bss.idx_rx_read
                0x0000000000000000        0x1 build/pawpet_m0/usart_sam_ba.o
 .bss.idx_rx_write
                0x0000000000000000        0x1 build/pawpet_m0/usart_sam_ba.o
 .bss.idx_tx_read
                0x0000000000000000        0x1 build/pawpet_m0/usart_sam_ba.o
 .bss.idx_tx_write
                0x0000000000000000        0x1 build/pawpet_m0/usart_sam_ba.o
 .bss.mode_of_transfer
                0x0000000000000000        0x1 build/pawpet_m0/usart_sam_ba.o
 .bss.size_of_data
                0x0000000000000000        0x2 build/pawpet_m0/usart_sam_ba.o
 .text          0x0000000000000000        0x0 build/pawpet_m0/screen.o
 .data          0x0000000000000000        0x0 build/pawpet_m0/screen.o
 .bss           0x0000000000000000        0x0 build/pawpet_m0/screen.o
 .debug_info    0x0000000000000000       0x72 build/pawpet_m0/screen.o
 .debug_abbrev  0x0000000000000000       0x26 build/pawpet_m0/screen.o
 .debug_aranges
                0x0000000000000000       0x18 build/pawpet_m0/screen.o
 .debug_line    0x0000000000000000       0x1d build/pawpet_m0/screen.o
 .debug_str     0x0000000000000000      0x180 build/pawpet_m0/screen.o
 .comment       0x0000000000000000       0x4a build/pawpet_m0/screen.o
 .ARM.attributes
                0x0000000000000000       0x2c build/pawpet_m0/screen.o
 .text          0x0000000000000000        0x0 build/pawpet_m0/images.o
 .data          0x0000000000000000        0x0 build/pawpet_m0/images.o
 .bss           0x0000000000000000        0x0 build/pawpet_m0/images.o
 .rodata.arrowLogo
                0x0000000000000000       0x39 build/pawpet_m0/images.o
 .rodata.fileLogo
                0x0000000000000000       0x4a build/pawpet_m0/images.o
 .rodata.font8  0x0000000000000000      0x240 build/pawpet_m0/images.o
 .rodata.pendriveLogo
                0x0000000000000000       0x3e build/pawpet_m0/images.o
 .debug_info    0x0000000000000000      0x11e build/pawpet_m0/images.o
 .debug_abbrev  0x0000000000000000       0x6a build/pawpet_m0/images.o
 .debug_aranges
                0x0000000000000000       0x18 build/pawpet_m0/images.o
 .debug_line    0x0000000000000000       0xac build/pawpet_m0/images.o
 .debug_str     0x0000000000000000      0x1ad build/pawpet_m0/images.o
 .comment       0x0000000000000000       0x4a build/pawpet_m0/images.o
 .ARM.attributes
                0x0000000000000000       0x2c build/pawpet_m0/images.o
 .text          0x0000000000000000        0x0 build/pawpet_m0/utils.o
 .data          0x0000000000000000        0x0 build/pawpet_m0/utils.o
 .bss           0x0000000000000000        0x0 build/pawpet_m0/utils.o
 .text.writeNum
                0x0000000000000000       0x38 build/pawpet_m0/utils.o
 .text.timerTick
                0x0000000000000000       0x40 build/pawpet_m0/utils.o
 .text.led_signal
                0x0000000000000000       0x20 build/pawpet_m0/utils.o
 .text.RGBLED_set_color
                0x0000000000000000        0x2 build/pawpet_m0/utils.o
 .bss.resetHorizon
                0x0000000000000000        0x4 build/pawpet_m0/utils.o
 .bss.timerHigh
                0x0000000000000000        0x4 build/pawpet_m0/utils.o
 .bss.timerLow  0x0000000000000000        0x4 build/pawpet_m0/utils.o
 .text          0x0000000000000000        0x0 build/pawpet_m0/selfmain.o
 .data          0x0000000000000000        0x0 build/pawpet_m0/selfmain.o
 .bss           0x0000000000000000        0x0 build/pawpet_m0/selfmain.o
 .text          0x0000000000000000        0x0 build/pawpet_m0/selfdata.o
 .data          0x0000000000000000        0x0 build/pawpet_m0/selfdata.o
 .bss           0x0000000000000000        0x0 build/pawpet_m0/selfdata.o
 .text          0x0000000000000000        0x0 /home/nano/gcc-arm/bin/../lib/gcc/arm-none-eabi/10.3.1/../../../../arm-none-eabi/lib/thumb/v6-m/nofp/libg_nano.a(lib_a-memcpy-stub.o)
 .data          0x0000000000000000        0x0 /home/nano/gcc-arm/bin/../lib/gcc/arm-none-eabi/10.3.1/../../../../arm-none-eabi/lib/thumb/v6-m/nofp/libg_nano.a(lib_a-memcpy-stub.o)
 .bss           0x0000000000000000        0x0 /home/nano/gcc-arm/bin/../lib/gcc/arm-none-eabi/10.3.1/../../../../arm-none-eabi/lib/thumb/v6-m/nofp/libg_nano.a(lib_a-memcpy-stub.o)
 .text          0x0000000000000000        0x0 /home/nano/gcc-arm/bin/../lib/gcc/arm-none-eabi/10.3.1/../../../../arm-none-eabi/lib/thumb/v6-m/nofp/libg_nano.a(lib_a-memset.o)
 .data          0x0000000000000000        0x0 /home/nano/gcc-arm/bin/../lib/gcc/arm-none-eabi/10.3.1/../../../../arm-none-eabi/lib/thumb/v6-m/nofp/libg_nano.a(lib_a-memset.o)
 .bss           0x0000000000000000        0x0 /home/nano/gcc-arm/bin/../lib/gcc/arm-none-eabi/10.3.1/../../../../arm-none-eabi/lib/thumb/v6-m/nofp/libg_nano.a(lib_a-memset.o)

Memory Configuration

Name             Origin             Length             Attributes
rom              0x0000000000002000 0x0000000000020000 xr
ram              0x0000000020000000 0x0000000000008000 xrw
*default*        0x0000000000000000 0xffffffffffffffff

Linker script and memory map

LOAD build/pawpet_m0/flash_samd21.o
LOAD build/pawpet_m0/init_samd21.o
LOAD build/pawpet_m0/startup_samd21.o
LOAD build/pawpet_m0/usart_sam_ba.o
LOAD build/pawpet_m0/screen.o
LOAD build/pawpet_m0/images.o
LOAD build/pawpet_m0/utils.o
LOAD build/pawpet_m0/selfmain.o
LOAD build/pawpet_m0/selfdata.o
START GROUP
LOAD /home/nano/gcc-arm/bin/../lib/gcc/arm-none-eabi/10.3.1/thumb/v6-m/nofp/libgcc.a
LOAD /home/nano/gcc-arm/bin/../lib/gcc/arm-none-eabi/10.3.1/../../../../arm-none-eabi/lib/thumb/v6-m/nofp/libg_nano.a
LOAD /home/nano/gcc-arm/bin/../lib/gcc/arm-none-eabi/10.3.1/../../../../arm-none-eabi/lib/thumb/v6-m/nofp/libc_nano.a
END GROUP
START GROUP
LOAD /home/nano/gcc-arm/bin/../lib/gcc/arm-none-eabi/10.3.1/thumb/v6-m/nofp/libgcc.a
LOAD /home/nano/gcc-arm/bin/../lib/gcc/arm-none-eabi/10.3.1/../../../../arm-none-eabi/lib/thumb/v6-m/nofp/libc_nano.a
LOAD /home/nano/gcc-arm/bin/../lib/gcc/arm-none-eabi/10.3.1/../../../../arm-none-eabi/lib/thumb/v6-m/nofp/libnosys.a
END GROUP
START GROUP
LOAD /home/nano/gcc-arm/bin/../lib/gcc/arm-none-eabi/10.3.1/thumb/v6-m/nofp/libgcc.a
LOAD /home/nano/gcc-arm/bin/../lib/gcc/arm-none-eabi/10.3.1/../../../../arm-none-eabi/lib/thumb/v6-m/nofp/libc_nano.a
LOAD /home/nano/gcc-arm/bin/../lib/gcc/arm-none-eabi/10.3.1/../../../../arm-none-eabi/lib/thumb/v6-m/nofp/libnosys.a
END GROUP
                0x0000000000002000                STACK_SIZE = DEFINED (STACK_SIZE)?STACK_SIZE:DEFINED (__stack_size__)?__stack_size__:0x2000

.text           0x0000000000002000     0x25e8
                0x0000000000002000                . = ALIGN (0x4)
                0x0000000000002000                _sfixed = .
 *(.vectors .vectors.*)
 .vectors       0x0000000000002000       0xb4 build/pawpet_m0/startup_samd21.o
                0x0000000000002000                exception_table
 *(.text .text.* .gnu.linkonce.t.*)
 .text.flash_erase_row
                0x00000000000020b4       0x28 build/pawpet_m0/flash_samd21.o
                0x00000000000020b4                flash_erase_row
 .text.flash_write_words
                0x00000000000020dc       0x54 build/pawpet_m0/flash_samd21.o
                0x00000000000020dc                flash_write_words
 .text.flash_write_row
                0x0000000000002130       0x2e build/pawpet_m0/flash_samd21.o
                0x0000000000002130                flash_write_row
 *fill*         0x000000000000215e        0x2 
 .text.gclk_sync
                0x0000000000002160       0x10 build/pawpet_m0/init_samd21.o
 .text.dfll_sync
                0x0000000000002170       0x10 build/pawpet_m0/init_samd21.o
 .text.system_init
                0x0000000000002180       0xdc build/pawpet_m0/init_samd21.o
                0x0000000000002180                system_init
 .text.SysTick_Handler
                0x000000000000225c        0x8 build/pawpet_m0/init_samd21.o
                0x000000000000225c                SysTick_Handler
 .text.Dummy_Handler
                0x0000000000002264        0x2 build/pawpet_m0/startup_samd21.o
                0x0000000000002264                DMAC_Handler
                0x0000000000002264                AC_Handler
                0x0000000000002264                PendSV_Handler
                0x0000000000002264                NMI_Handler
                0x0000000000002264                SERCOM1_Handler
                0x0000000000002264                ADC_Handler
                0x0000000000002264                TCC1_Handler
                0x0000000000002264                SERCOM2_Handler
                0x0000000000002264                TCC0_Handler
                0x0000000000002264                RTC_Handler
                0x0000000000002264                EIC_Handler
                0x0000000000002264                WDT_Handler
                0x0000000000002264                TC4_Handler
                0x0000000000002264                USB_Handler
                0x0000000000002264                TC3_Handler
                0x0000000000002264                Dummy_Handler
                0x0000000000002264                PM_Handler
                0x0000000000002264                SERCOM5_Handler
                0x0000000000002264                SVC_Handler
                0x0000000000002264                TCC2_Handler
                0x0000000000002264                EVSYS_Handler
                0x0000000000002264                SERCOM3_Handler
                0x0000000000002264                SERCOM4_Handler
                0x0000000000002264                I2S_Handler
                0x0000000000002264                NVMCTRL_Handler
                0x0000000000002264                SERCOM0_Handler
                0x0000000000002264                DAC_Handler
                0x0000000000002264                PTC_Handler
                0x0000000000002264                TC5_Handler
                0x0000000000002264                SYSCTRL_Handler
 .text.HardFault_Handler
                0x0000000000002266        0x2 build/pawpet_m0/startup_samd21.o
                0x0000000000002266                HardFault_Handler
 .text.Reset_Handler
                0x0000000000002268       0xc0 build/pawpet_m0/startup_samd21.o
                0x0000000000002268                Reset_Handler
 .text.add_crc  0x0000000000002328       0x58 build/pawpet_m0/usart_sam_ba.o
                0x0000000000002328                add_crc
 .text.delay    0x0000000000002380       0x28 build/pawpet_m0/utils.o
                0x0000000000002380                delay
 .text.panic    0x00000000000023a8        0x2 build/pawpet_m0/utils.o
                0x00000000000023a8                panic
 *fill*         0x00000000000023aa        0x2 
 .text.resetIntoApp
                0x00000000000023ac       0x28 build/pawpet_m0/utils.o
                0x00000000000023ac                resetIntoApp
 .text.resetIntoBootloader
                0x00000000000023d4       0x28 build/pawpet_m0/utils.o
                0x00000000000023d4                resetIntoBootloader
 .text.led_tick
                0x00000000000023fc       0x58 build/pawpet_m0/utils.o
                0x00000000000023fc                led_tick
 .text.led_init
                0x0000000000002454        0x2 build/pawpet_m0/utils.o
                0x0000000000002454                led_init
 *fill*         0x0000000000002456        0x2 
 .text.nvmctrl_exec_cmd
                0x0000000000002458       0x2c build/pawpet_m0/selfmain.o
 .text.set_fuses_and_bootprot
                0x0000000000002484       0x7c build/pawpet_m0/selfmain.o
                0x0000000000002484                set_fuses_and_bootprot
 .text.startup.main
                0x0000000000002500       0xb4 build/pawpet_m0/selfmain.o
                0x0000000000002500                main
 .text.memcpy   0x00000000000025b4       0x12 /home/nano/gcc-arm/bin/../lib/gcc/arm-none-eabi/10.3.1/../../../../arm-none-eabi/lib/thumb/v6-m/nofp/libg_nano.a(lib_a-memcpy-stub.o)
                0x00000000000025b4                memcpy
 .text.memset   0x00000000000025c6       0x10 /home/nano/gcc-arm/bin/../lib/gcc/arm-none-eabi/10.3.1/../../../../arm-none-eabi/lib/thumb/v6-m/nofp/libg_nano.a(lib_a-memset.o)
                0x00000000000025c6                memset
 *(.glue_7t)
 .glue_7t       0x00000000000025d6        0x0 linker stubs
 *(.glue_7)
 .glue_7        0x00000000000025d6        0x0 linker stubs
 *(.rodata .rodata* .gnu.linkonce.r.*)
 *fill*         0x00000000000025d6        0x2 
 .rodata.bootloader
                0x00000000000025d8     0x2000 build/pawpet_m0/selfdata.o
                0x00000000000025d8                bootloader
 .rodata.bootloader_crcs
                0x00000000000045d8       0x10 build/pawpet_m0/selfdata.o
                0x00000000000045d8                bootloader_crcs
 *(.ARM.extab* .gnu.linkonce.armextab.*)
                0x00000000000045e8                . = ALIGN (0x4)
 *(.init)
                0x00000000000045e8                . = ALIGN (0x4)
                0x00000000000045e8                __preinit_array_start = .
 *(.preinit_array)
                0x00000000000045e8                __preinit_array_end = .
                0x00000000000045e8                . = ALIGN (0x4)
                0x00000000000045e8                __init_array_start = .
 *(SORT_BY_NAME(.init_array.*))
 *(.init_array)
                0x00000000000045e8                __init_array_end = .
                0x00000000000045e8                . = ALIGN (0x4)
 *crtbegin.o(.ctors)
 *(EXCLUDE_FILE(*crtend.o) .ctors)
 *(SORT_BY_NAME(.ctors.*))
 *crtend.o(.ctors)
                0x00000000000045e8                . = ALIGN (0x4)
                0x00000000000045e8                _efixed = .
                [!provide]                        PROVIDE (__exidx_start = .)

.vfp11_veneer   0x00000000000045e8        0x0
 .vfp11_veneer  0x00000000000045e8        0x0 linker stubs

.v4_bx          0x00000000000045e8        0x0
 .v4_bx         0x00000000000045e8        0x0 linker stubs

.iplt           0x00000000000045e8        0x0
 .iplt          0x00000000000045e8        0x0 build/pawpet_m0/flash_samd21.o

.igot.plt       0x00000000000045e8        0x0
 .igot.plt      0x00000000000045e8        0x0 build/pawpet_m0/flash_samd21.o

.rel.dyn        0x00000000000045e8        0x0
 .rel.iplt      0x00000000000045e8        0x0 build/pawpet_m0/flash_samd21.o

.ARM.exidx
 *(.ARM.exidx* .gnu.linkonce.armexidx.*)
                [!provide]                        PROVIDE (__exidx_end = .)
                0x00000000000045e8                . = ALIGN (0x4)
                0x00000000000045e8                _etext = .

.relocate       0x0000000020000000        0x8 load address 0x00000000000045e8
                0x0000000020000000                . = ALIGN (0x4)
                0x0000000020000000                _srelocate = .
 *(.ramfunc .ramfunc.*)
 *(.data .data.*)
 .data.current_cpu_frequency_MHz
                0x0000000020000000        0x4 build/pawpet_m0/init_samd21.o
                0x0000000020000000                current_cpu_frequency_MHz
 .data.led_tick_step
                0x0000000020000004        0x1 build/pawpet_m0/utils.o
                0x0000000020000004                led_tick_step
 .data.limit    0x0000000020000005        0x1 build/pawpet_m0/utils.o
                0x0000000020000008                . = ALIGN (0x4)
 *fill*         0x0000000020000006        0x2 
                0x0000000020000008                _erelocate = .

.bss            0x0000000020000008      0x30c load address 0x00000000000045f0
                0x0000000020000008                . = ALIGN (0x4)
                0x0000000020000008                _sbss = .
                0x0000000020000008                _szero = .
 *(.bss .bss.*)
 .bss.crcCache  0x0000000020000008      0x200 build/pawpet_m0/usart_sam_ba.o
 .bss.led_tick_on
                0x0000000020000208        0x1 build/pawpet_m0/utils.o
                0x0000000020000208                led_tick_on
 *fill*         0x0000000020000209        0x3 
 .bss.now       0x000000002000020c        0x4 build/pawpet_m0/utils.o
 .bss.signal_end
                0x0000000020000210        0x4 build/pawpet_m0/utils.o
 .bss.bootloader_page_buf
                0x0000000020000214      0x100 build/pawpet_m0/selfmain.o
                0x0000000020000214                bootloader_page_buf
 *(COMMON)
                0x0000000020000314                . = ALIGN (0x4)
                0x0000000020000314                _ebss = .
                0x0000000020000314                _ezero = .

.stack          0x0000000020000314     0x2004 load address 0x00000000000048fc
                0x0000000020000318                . = ALIGN (0x8)
 *fill*         0x0000000020000314        0x4 
                0x0000000020000318                _sstack = .
                0x0000000020002318                . = (. + STACK_SIZE)
 *fill*         0x0000000020000318     0x2000 
                0x0000000020002318                . = ALIGN (0x8)
                0x0000000020002318                _estack = .
                0x0000000020002318                . = ALIGN (0x4)
                0x0000000020002318                _end = .
OUTPUT(build/pawpet_m0/update-bootloader-pawpet_m0-v3.14.0.elf elf32-littlearm)
LOAD linker stubs

.debug_info     0x0000000000000000     0xa742
 .debug_info    0x0000000000000000      0x7ec build/pawpet_m0/flash_samd21.o
 .debug_info    0x00000000000007ec     0x1cc9 build/pawpet_m0/init_samd21.o
 .debug_info    0x00000000000024b5     0x399b build/pawpet_m0/startup_samd21.o
 .debug_info    0x0000000000005e50     0x38f5 build/pawpet_m0/usart_sam_ba.o
 .debug_info    0x0000000000009745      0x4b6 build/pawpet_m0/utils.o
 .debug_info    0x0000000000009bfb      0xa58 build/pawpet_m0/selfmain.o
 .debug_info    0x000000000000a653       0xef build/pawpet_m0/selfdata.o

.debug_abbrev   0x0000000000000000     0x11a7
 .debug_abbrev  0x0000000000000000      0x201 build/pawpet_m0/flash_samd21.o
 .debug_abbrev  0x0000000000000201      0x2b1 build/pawpet_m0/init_samd21.o
 .debug_abbrev  0x00000000000004b2      0x2b4 build/pawpet_m0/startup_samd21.o
 .debug_abbrev  0x0000000000000766      0x423 build/pawpet_m0/usart_sam_ba.o
 .debug_abbrev  0x0000000000000b89      0x254 build/pawpet_m0/utils.o
 .debug_abbrev  0x0000000000000ddd      0x34a build/pawpet_m0/selfmain.o
 .debug_abbrev  0x0000000000001127       0x80 build/pawpet_m0/selfdata.o

.debug_loc      0x0000000000000000     0x1317
 .debug_loc     0x0000000000000000      0x497 build/pawpet_m0/flash_samd21.o
 .debug_loc     0x0000000000000497       0x6f build/pawpet_m0/init_samd21.o
 .debug_loc     0x0000000000000506      0xa19 build/pawpet_m0/usart_sam_ba.o
 .debug_loc     0x0000000000000f1f      0x1a4 build/pawpet_m0/utils.o
 .debug_loc     0x00000000000010c3      0x254 build/pawpet_m0/selfmain.o

.debug_aranges  0x0000000000000000      0x1e8
 .debug_aranges
                0x0000000000000000       0x48 build/pawpet_m0/flash_samd21.o
 .debug_aranges
                0x0000000000000048       0x38 build/pawpet_m0/init_samd21.o
 .debug_aranges
                0x0000000000000080       0x30 build/pawpet_m0/startup_samd21.o
 .debug_aranges
                0x00000000000000b0       0x88 build/pawpet_m0/usart_sam_ba.o
 .debug_aranges
                0x0000000000000138       0x68 build/pawpet_m0/utils.o
 .debug_aranges
                0x00000000000001a0       0x30 build/pawpet_m0/selfmain.o
 .debug_aranges
                0x00000000000001d0       0x18 build/pawpet_m0/selfdata.o

.debug_ranges   0x0000000000000000      0x300
 .debug_ranges  0x0000000000000000       0xa8 build/pawpet_m0/flash_samd21.o
 .debug_ranges  0x00000000000000a8       0x48 build/pawpet_m0/init_samd21.o
 .debug_ranges  0x00000000000000f0       0x20 build/pawpet_m0/startup_samd21.o
 .debug_ranges  0x0000000000000110       0xb0 build/pawpet_m0/usart_sam_ba.o
 .debug_ranges  0x00000000000001c0       0x90 build/pawpet_m0/utils.o
 .debug_ranges  0x0000000000000250       0xb0 build/pawpet_m0/selfmain.o

.debug_line     0x0000000000000000     0x1ba3
 .debug_line    0x0000000000000000      0x405 build/pawpet_m0/flash_samd21.o
 .debug_line    0x0000000000000405      0x345 build/pawpet_m0/init_samd21.o
 .debug_line    0x000000000000074a      0x253 build/pawpet_m0/startup_samd21.o
 .debug_line    0x000000000000099d      0x8f6 build/pawpet_m0/usart_sam_ba.o
 .debug_line    0x0000000000001293      0x400 build/pawpet_m0/utils.o
 .debug_line    0x0000000000001693      0x456 build/pawpet_m0/selfmain.o
 .debug_line    0x0000000000001ae9       0xba build/pawpet_m0/selfdata.o

.debug_str      0x0000000000000000     0x2770
 .debug_str     0x0000000000000000      0x343 build/pawpet_m0/flash_samd21.o
                                        0x3cd (size before relaxing)
 .debug_str     0x0000000000000343      0x70e build/pawpet_m0/init_samd21.o
                                        0xa77 (size before relaxing)
 .debug_str     0x0000000000000a51      0xeef build/pawpet_m0/startup_samd21.o
                                       0x1358 (size before relaxing)
 .debug_str     0x0000000000001940      0xc55 build/pawpet_m0/usart_sam_ba.o
                                        0xf98 (size before relaxing)
 .debug_str     0x0000000000002595       0xf1 build/pawpet_m0/utils.o
                                        0x2e9 (size before relaxing)
 .debug_str     0x0000000000002686       0xcf build/pawpet_m0/selfmain.o
                                        0x4bc (size before relaxing)
 .debug_str     0x0000000000002755       0x1b build/pawpet_m0/selfdata.o
                                        0x1c4 (size before relaxing)

.comment        0x0000000000000000       0x49
 .comment       0x0000000000000000       0x49 build/pawpet_m0/flash_samd21.o
                                         0x4a (size before relaxing)
 .comment       0x0000000000000049       0x4a build/pawpet_m0/init_samd21.o
 .comment       0x0000000000000049       0x4a build/pawpet_m0/startup_samd21.o
 .comment       0x0000000000000049       0x4a build/pawpet_m0/usart_sam_ba.o
 .comment       0x0000000000000049       0x4a build/pawpet_m0/utils.o
 .comment       0x0000000000000049       0x4a build/pawpet_m0/selfmain.o
 .comment       0x0000000000000049       0x4a build/pawpet_m0/selfdata.o

.ARM.attributes
                0x0000000000000000       0x2c
 .ARM.attributes
                0x0000000000000000       0x2c build/pawpet_m0/flash_samd21.o
 .ARM.attributes
                0x000000000000002c       0x2c build/pawpet_m0/init_samd21.o
 .ARM.attributes
                0x0000000000000058       0x2c build/pawpet_m0/startup_samd21.o
 .ARM.attributes
                0x0000000000000084       0x2c build/pawpet_m0/usart_sam_ba.o
 .ARM.attributes
                0x00000000000000b0       0x2c build/pawpet_m0/utils.o
 .ARM.attributes
                0x00000000000000dc       0x2c build/pawpet_m0/selfmain.o
 .ARM.attributes
                0x0000000000000108       0x2c build/pawpet_m0/selfdata.o
 .ARM.attributes
                0x0000000000000134       0x2c /home/nano/gcc-arm/bin/../lib/gcc/arm-none-eabi/10.3.1/../../../../arm-none-eabi/lib/thumb/v6-m/nofp/libg_nano.a(lib_a-memcpy-stub.o)
 .ARM.attributes
                0x0000000000000160       0x2c /home/nano/gcc-arm/bin/../lib/gcc/arm-none-eabi/10.3.1/../../../../arm-none-eabi/lib/thumb/v6-m/nofp/libg_nano.a(lib_a-memset.o)

.debug_frame    0x0000000000000000      0x464
 .debug_frame   0x0000000000000000       0xb8 build/pawpet_m0/flash_samd21.o
 .debug_frame   0x00000000000000b8       0x68 build/pawpet_m0/init_samd21.o
 .debug_frame   0x0000000000000120       0x4c build/pawpet_m0/startup_samd21.o
 .debug_frame   0x000000000000016c      0x188 build/pawpet_m0/usart_sam_ba.o
 .debug_frame   0x00000000000002f4       0xc4 build/pawpet_m0/utils.o
 .debug_frame   0x00000000000003b8       0x64 build/pawpet_m0/selfmain.o
 .debug_frame   0x000000000000041c       0x28 /home/nano/gcc-arm/bin/../lib/gcc/arm-none-eabi/10.3.1/../../../../arm-none-eabi/lib/thumb/v6-m/nofp/libg_nano.a(lib_a-memcpy-stub.o)
 .debug_frame   0x0000000000000444       0x20 /home/nano/gcc-arm/bin/../lib/gcc/arm-none-eabi/10.3.1/../../../../arm-none-eabi/lib/thumb/v6-m/nofp/libg_nano.a(lib_a-memset.o)

Cross Reference Table

Symbol                                            File
AC_Handler                                        build/pawpet_m0/startup_samd21.o
ADC_Handler                                       build/pawpet_m0/startup_samd21.o
DAC_Handler                                       build/pawpet_m0/startup_samd21.o
DMAC_Handler                                      build/pawpet_m0/startup_samd21.o
Dummy_Handler                                     build/pawpet_m0/startup_samd21.o
EIC_Handler                                       build/pawpet_m0/startup_samd21.o
EVSYS_Handler                                     build/pawpet_m0/startup_samd21.o
HardFault_Handler                                 build/pawpet_m0/startup_samd21.o
I2S_Handler                                       build/pawpet_m0/startup_samd21.o
NMI_Handler                                       build/pawpet_m0/startup_samd21.o
NVMCTRL_Handler                                   build/pawpet_m0/startup_samd21.o
PM_Handler                                        build/pawpet_m0/startup_samd21.o
PTC_Handler                                       build/pawpet_m0/startup_samd21.o
PendSV_Handler                                    build/pawpet_m0/startup_samd21.o
RGBLED_set_color                                  build/pawpet_m0/utils.o
RTC_Handler                                       build/pawpet_m0/startup_samd21.o
Reset_Handler                                     build/pawpet_m0/startup_samd21.o
SERCOM0_Handler                                   build/pawpet_m0/startup_samd21.o
SERCOM1_Handler                                   build/pawpet_m0/startup_samd21.o
SERCOM2_Handler                                   build/pawpet_m0/startup_samd21.o
SERCOM3_Handler                                   build/pawpet_m0/startup_samd21.o
SERCOM4_Handler                                   build/pawpet_m0/startup_samd21.o
SERCOM5_Handler                                   build/pawpet_m0/startup_samd21.o
SVC_Handler                                       build/pawpet_m0/startup_samd21.o
SYSCTRL_Handler                                   build/pawpet_m0/startup_samd21.o
SysTick_Handler                                   build/pawpet_m0/init_samd21.o
TC3_Handler                                       build/pawpet_m0/startup_samd21.o
TC4_Handler                                       build/pawpet_m0/startup_samd21.o
TC5_Handler                                       build/pawpet_m0/startup_samd21.o
TCC0_Handler                                      build/pawpet_m0/startup_samd21.o
TCC1_Handler                                      build/pawpet_m0/startup_samd21.o
TCC2_Handler                                      build/pawpet_m0/startup_samd21.o
USB_Handler                                       build/pawpet_m0/startup_samd21.o
WDT_Handler                                       build/pawpet_m0/startup_samd21.o
_erelocate                                        build/pawpet_m0/startup_samd21.o
_estack                                           build/pawpet_m0/startup_samd21.o
_etext                                            build/pawpet_m0/startup_samd21.o
_ezero                                            build/pawpet_m0/startup_samd21.o
_sfixed                                           build/pawpet_m0/startup_samd21.o
_srelocate                                        build/pawpet_m0/startup_samd21.o
_szero                                            build/pawpet_m0/startup_samd21.o
add_crc                                           build/pawpet_m0/usart_sam_ba.o
                                                  build/pawpet_m0/selfmain.o
arrowLogo                                         build/pawpet_m0/images.o
b_sharp_received                                  build/pawpet_m0/usart_sam_ba.o
bootloader                                        build/pawpet_m0/selfdata.o
                                                  build/pawpet_m0/selfmain.o
bootloader_crcs                                   build/pawpet_m0/selfdata.o
                                                  build/pawpet_m0/selfmain.o
bootloader_page_buf                               build/pawpet_m0/selfmain.o
buffer_rx_usart                                   build/pawpet_m0/usart_sam_ba.o
buffer_tx_usart                                   build/pawpet_m0/usart_sam_ba.o
copy_words                                        build/pawpet_m0/flash_samd21.o
current_cpu_frequency_MHz                         build/pawpet_m0/init_samd21.o
                                                  build/pawpet_m0/utils.o
delay                                             build/pawpet_m0/utils.o
                                                  build/pawpet_m0/selfmain.o
error_timeout                                     build/pawpet_m0/usart_sam_ba.o
exception_table                                   build/pawpet_m0/startup_samd21.o
fileLogo                                          build/pawpet_m0/images.o
flash_erase_row                                   build/pawpet_m0/flash_samd21.o
flash_erase_to_end                                build/pawpet_m0/flash_samd21.o
flash_write                                       build/pawpet_m0/flash_samd21.o
flash_write_row                                   build/pawpet_m0/flash_samd21.o
                                                  build/pawpet_m0/selfmain.o
flash_write_words                                 build/pawpet_m0/flash_samd21.o
                                                  build/pawpet_m0/selfmain.o
font8                                             build/pawpet_m0/images.o
g_interrupt_enabled                               build/pawpet_m0/init_samd21.o
getPacket                                         build/pawpet_m0/usart_sam_ba.o
idx_rx_read                                       build/pawpet_m0/usart_sam_ba.o
idx_rx_write                                      build/pawpet_m0/usart_sam_ba.o
idx_tx_read                                       build/pawpet_m0/usart_sam_ba.o
idx_tx_write                                      build/pawpet_m0/usart_sam_ba.o
led_init                                          build/pawpet_m0/utils.o
                                                  build/pawpet_m0/selfmain.o
led_signal                                        build/pawpet_m0/utils.o
led_tick                                          build/pawpet_m0/utils.o
                                                  build/pawpet_m0/init_samd21.o
led_tick_on                                       build/pawpet_m0/utils.o
led_tick_step                                     build/pawpet_m0/utils.o
main                                              build/pawpet_m0/selfmain.o
                                                  build/pawpet_m0/startup_samd21.o
memcpy                                            /home/nano/gcc-arm/bin/../lib/gcc/arm-none-eabi/10.3.1/../../../../arm-none-eabi/lib/thumb/v6-m/nofp/libg_nano.a(lib_a-memcpy-stub.o)
                                                  build/pawpet_m0/selfmain.o
                                                  build/pawpet_m0/startup_samd21.o
memset                                            /home/nano/gcc-arm/bin/../lib/gcc/arm-none-eabi/10.3.1/../../../../arm-none-eabi/lib/thumb/v6-m/nofp/libg_nano.a(lib_a-memset.o)
                                                  build/pawpet_m0/startup_samd21.o
mode_of_transfer                                  build/pawpet_m0/usart_sam_ba.o
panic                                             build/pawpet_m0/utils.o
                                                  build/pawpet_m0/selfmain.o
pendriveLogo                                      build/pawpet_m0/images.o
resetHorizon                                      build/pawpet_m0/utils.o
resetIntoApp                                      build/pawpet_m0/utils.o
                                                  build/pawpet_m0/selfmain.o
resetIntoBootloader                               build/pawpet_m0/utils.o
                                                  build/pawpet_m0/selfmain.o
set_fuses_and_bootprot                            build/pawpet_m0/selfmain.o
size_of_data                                      build/pawpet_m0/usart_sam_ba.o
system_init                                       build/pawpet_m0/init_samd21.o
                                                  build/pawpet_m0/selfmain.o
timerHigh                                         build/pawpet_m0/utils.o
timerTick                                         build/pawpet_m0/utils.o
uart_basic_init                                   build/pawpet_m0/usart_sam_ba.o
uart_disable                                      build/pawpet_m0/usart_sam_ba.o
uart_get_sercom_index                             build/pawpet_m0/usart_sam_ba.o
uart_read_byte                                    build/pawpet_m0/usart_sam_ba.o
uart_write_byte                                   build/pawpet_m0/usart_sam_ba.o
usart_close                                       build/pawpet_m0/usart_sam_ba.o
usart_getc                                        build/pawpet_m0/usart_sam_ba.o
usart_getdata                                     build/pawpet_m0/usart_sam_ba.o
usart_getdata_xmd                                 build/pawpet_m0/usart_sam_ba.o
usart_is_rx_ready                                 build/pawpet_m0/usart_sam_ba.o
usart_open                                        build/pawpet_m0/usart_sam_ba.o
usart_putc                                        build/pawpet_m0/usart_sam_ba.o
usart_putdata                                     build/pawpet_m0/usart_sam_ba.o
usart_putdata_xmd                                 build/pawpet_m0/usart_sam_ba.o
usart_readc                                       build/pawpet_m0/usart_sam_ba.o
usart_sharp_received                              build/pawpet_m0/usart_sam_ba.o
writeNum                                          build/pawpet_m0/utils.o
